MPLINK 5.00, LINKER
Linker Map File - Created Sat Jul 05 14:26:08 2014

                                 Section Info
                  Section       Type    Address   Location Size(Bytes)
                ---------  ---------  ---------  ---------  ---------
               _entry_scn       code   0x000000    program   0x000006
           .code___init.o       code   0x000006    program   0x000002
      InterruptVectorHigh       code   0x000008    program   0x000006
          .code_adcbusy.o       code   0x00000e    program   0x00000a
          InterruptVector       code   0x000018    program   0x000006
                   .cinit    romdata   0x00001e    program   0x00000e
         .code_CartBike.o       code   0x00002c    program   0x001cd8
      .romdata_CartBike.o    romdata   0x001d04    program   0x000add
          .idata_usb9.o_i    romdata   0x0027e1    program   0x000000
          .romdata_usb9.o    romdata   0x0027e1    program   0x000000
      .idata_adcsetch.o_i    romdata   0x0027e1    program   0x000000
    .idata_usbctrltrf.o_i    romdata   0x0027e1    program   0x000000
    .romdata_usbctrltrf.o    romdata   0x0027e1    program   0x000000
       .romdata_adcread.o    romdata   0x0027e1    program   0x000000
        .idata_usbdrv.o_i    romdata   0x0027e1    program   0x000000
        .romdata_usbdrv.o    romdata   0x0027e1    program   0x000000
       .idata_adcread.o_i    romdata   0x0027e1    program   0x000000
     .idata_interrupt.o_i    romdata   0x0027e1    program   0x000000
     .romdata_interrupt.o    romdata   0x0027e1    program   0x000000
      .romdata_spi_open.o    romdata   0x0027e1    program   0x000000
        .idata_usbdsc.o_i    romdata   0x0027e1    program   0x000000
      .idata_spi_open.o_i    romdata   0x0027e1    program   0x000000
       .romdata_adcopen.o    romdata   0x0027e1    program   0x000000
       .idata_adcopen.o_i    romdata   0x0027e1    program   0x000000
      .romdata_fxd1616u.o    romdata   0x0027e1    program   0x000000
       .idata_adcbusy.o_i    romdata   0x0027e1    program   0x000000
       .romdata_adcbusy.o    romdata   0x0027e1    program   0x000000
      .idata_fxd1616u.o_i    romdata   0x0027e1    program   0x000000
      .romdata_fxd0808u.o    romdata   0x0027e1    program   0x000000
       .idata_adcconv.o_i    romdata   0x0027e1    program   0x000000
       .romdata_adcconv.o    romdata   0x0027e1    program   0x000000
      .idata_fxd0808u.o_i    romdata   0x0027e1    program   0x000000
         .idata_c018i.o_i    romdata   0x0027e1    program   0x000000
         .romdata_ldexp.o    romdata   0x0027e1    program   0x000000
          .idata_main.o_i    romdata   0x0027e1    program   0x000000
         .idata_ldexp.o_i    romdata   0x0027e1    program   0x000000
             .stringtable    romdata   0x0027e1    program   0x000000
         .romdata_errno.o    romdata   0x0027e1    program   0x000000
         .idata_errno.o_i    romdata   0x0027e1    program   0x000000
      .romdata_UnpkMath.o    romdata   0x0027e1    program   0x000000
      .idata_UnpkMath.o_i    romdata   0x0027e1    program   0x000000
      .romdata_PackMath.o    romdata   0x0027e1    program   0x000000
      .idata_PackMath.o_i    romdata   0x0027e1    program   0x000000
          .romdata_sqrt.o    romdata   0x0027e1    program   0x000000
          .idata_sqrt.o_i    romdata   0x0027e1    program   0x000000
         .romdata_c018i.o    romdata   0x0027e1    program   0x000000
        .romdata___init.o    romdata   0x0027e1    program   0x000000
        .idata___init.o_i    romdata   0x0027e1    program   0x000000
          .idata_user.o_i    romdata   0x0027e1    program   0x000000
          .romdata_user.o    romdata   0x0027e1    program   0x000000
      .romdata_spi_writ.o    romdata   0x0027e1    program   0x000000
       .idata_usbmmap.o_i    romdata   0x0027e1    program   0x000000
       .romdata_usbmmap.o    romdata   0x0027e1    program   0x000000
      .idata_spi_writ.o_i    romdata   0x0027e1    program   0x000000
        .idata_usbgen.o_i    romdata   0x0027e1    program   0x000000
        .romdata_usbgen.o    romdata   0x0027e1    program   0x000000
      .romdata_adcsetch.o    romdata   0x0027e1    program   0x000000
            .code_errno.o       code   0x0027e2    program   0x000000
                     PROG       code   0x0027e2    program   0x0004c8
          .code_usbmmap.o       code   0x0027e2    program   0x000000
            .code_c018i.o       code   0x0027e2    program   0x000000
           .code_usbdsc.o       code   0x0027e2    program   0x000000
        .code_interrupt.o       code   0x0027e2    program   0x000000
             .code_sqrt.o       code   0x002caa    program   0x000442
             .code_usb9.o       code   0x0030ec    program   0x000308
       .code_usbctrltrf.o       code   0x0033f4    program   0x0002b2
             .code_main.o       code   0x0036a6    program   0x000278
             .code_user.o       code   0x00391e    program   0x0001be
           .code_usbdrv.o       code   0x003adc    program   0x000174
            .code_ldexp.o       code   0x003c50    program   0x000138
           .code_usbgen.o       code   0x003d88    program   0x00011e
         .code_UnpkMath.o       code   0x003ea6    program   0x00011c
         .code_PackMath.o       code   0x003fc2    program   0x00011a
        .romdata_usbdsc.o    romdata   0x0040dc    program   0x0000a0
               _cinit_scn       code   0x00417c    program   0x00009e
          .code_adcopen.o       code   0x00421a    program   0x00006e
         .code_spi_open.o       code   0x004288    program   0x000064
         .code_spi_writ.o       code   0x0042ec    program   0x00003c
         .code_adcsetch.o       code   0x004328    program   0x00002e
         .code_fxd1616u.o       code   0x004356    program   0x00002c
                    .code       code   0x004382    program   0x000020
             _startup_scn       code   0x0043a2    program   0x00001c
         .code_fxd0808u.o       code   0x0043be    program   0x00001c
              D10TCYXCODE       code   0x0043da    program   0x000016
          .romdata_main.o    romdata   0x0043f0    program   0x000014
          .code_adcread.o       code   0x004404    program   0x000012
          .code_adcconv.o       code   0x004416    program   0x000004
      .idata_CartBike.o_i    romdata   0x00441a    program   0x00001d
    .config_300000_main.o    romdata   0x300000    program   0x000001
    .config_300001_main.o    romdata   0x300001    program   0x000001
    .config_300002_main.o    romdata   0x300002    program   0x000001
    .config_300003_main.o    romdata   0x300003    program   0x000001
    .config_300005_main.o    romdata   0x300005    program   0x000001
    .config_300006_main.o    romdata   0x300006    program   0x000001
    .config_300008_main.o    romdata   0x300008    program   0x000001
    .config_300009_main.o    romdata   0x300009    program   0x000001
    .config_30000a_main.o    romdata   0x30000a    program   0x000001
    .config_30000b_main.o    romdata   0x30000b    program   0x000001
    .config_30000c_main.o    romdata   0x30000c    program   0x000001
    .config_30000d_main.o    romdata   0x30000d    program   0x000001
                MATH_DATA      udata   0x000000       data   0x000014
                 .tmpdata      udata   0x000014       data   0x00000e
        .udata_CartBike.o      udata   0x000060       data   0x000023
        .idata_CartBike.o      idata   0x000083       data   0x00001d
           .udata_c018i.o      udata   0x0000a0       data   0x00000a
      .udata_usbctrltrf.o      udata   0x0000aa       data   0x000008
            .udata_user.o      udata   0x0000b2       data   0x000005
         .udata_usbmmap.o      udata   0x0000b7       data   0x000004
            .udata_main.o      udata   0x0000bb       data   0x000004
          .udata_usbdrv.o      udata   0x0000bf       data   0x000002
           .udata_errno.o      udata   0x0000c1       data   0x000002
          .udata_usbgen.o      udata   0x0000c3       data   0x000001
        .idata_fxd1616u.o      idata   0x0000c4       data   0x000000
         .udata_adcopen.o      udata   0x0000c4       data   0x000000
         .idata_adcopen.o      idata   0x0000c4       data   0x000000
        .udata_spi_open.o      udata   0x0000c4       data   0x000000
        .idata_spi_open.o      idata   0x0000c4       data   0x000000
         .udata_adcread.o      udata   0x0000c4       data   0x000000
         .idata_adcread.o      idata   0x0000c4       data   0x000000
        .udata_adcsetch.o      udata   0x0000c4       data   0x000000
        .idata_adcsetch.o      idata   0x0000c4       data   0x000000
           .idata_ldexp.o      idata   0x0000c4       data   0x000000
           .udata_ldexp.o      udata   0x0000c4       data   0x000000
        .udata_spi_writ.o      udata   0x0000c4       data   0x000000
        .idata_spi_writ.o      idata   0x0000c4       data   0x000000
          .udata___init.o      udata   0x0000c4       data   0x000000
          .idata___init.o      idata   0x0000c4       data   0x000000
            .udata_sqrt.o      udata   0x0000c4       data   0x000000
           .idata_errno.o      idata   0x0000c4       data   0x000000
            .idata_sqrt.o      idata   0x0000c4       data   0x000000
        .udata_PackMath.o      udata   0x0000c4       data   0x000000
        .idata_PackMath.o      idata   0x0000c4       data   0x000000
        .udata_UnpkMath.o      udata   0x0000c4       data   0x000000
        .idata_UnpkMath.o      idata   0x0000c4       data   0x000000
           .idata_c018i.o      idata   0x0000c4       data   0x000000
            .idata_main.o      idata   0x0000c4       data   0x000000
            .idata_user.o      idata   0x0000c4       data   0x000000
         .idata_usbmmap.o      idata   0x0000c4       data   0x000000
          .idata_usbgen.o      idata   0x0000c4       data   0x000000
            .udata_usb9.o      udata   0x0000c4       data   0x000000
            .idata_usb9.o      idata   0x0000c4       data   0x000000
      .idata_usbctrltrf.o      idata   0x0000c4       data   0x000000
          .idata_usbdrv.o      idata   0x0000c4       data   0x000000
       .udata_interrupt.o      udata   0x0000c4       data   0x000000
       .idata_interrupt.o      idata   0x0000c4       data   0x000000
          .udata_usbdsc.o      udata   0x0000c4       data   0x000000
          .idata_usbdsc.o      idata   0x0000c4       data   0x000000
         .udata_adcbusy.o      udata   0x0000c4       data   0x000000
         .idata_adcbusy.o      idata   0x0000c4       data   0x000000
         .udata_adcconv.o      udata   0x0000c4       data   0x000000
         .idata_adcconv.o      idata   0x0000c4       data   0x000000
        .udata_fxd0808u.o      udata   0x0000c4       data   0x000000
        .idata_fxd0808u.o      idata   0x0000c4       data   0x000000
        .udata_fxd1616u.o      udata   0x0000c4       data   0x000000
                   .stack      udata   0x000300       data   0x000100
                  usbram4      udata   0x000400       data   0x0000a8
                     gpr4      udata   0x0004a8       data   0x000258
            SFR_UNBANKED0      udata   0x000f62       data   0x00009e



                              Program Memory Usage 
                               Start         End      
                           ---------   ---------      
                            0x000000    0x0027e0      
                            0x0027e2    0x004436      
                            0x300000    0x300003      
                            0x300005    0x300006      
                            0x300008    0x30000d      
            17474 out of 33048 program addresses used, program memory utilization is 52%



                              Symbols - Sorted by Name
                     Name    Address   Location    Storage File                     
                ---------  ---------  ---------  --------- ---------                
                 Alphabet   0x002499    program     extern C:\Firmware\CartBike\CartBike.c
   Alphabet_bitmap_length   0x0027b9    program     extern C:\Firmware\CartBike\CartBike.c
                  BusyADC   0x00000e    program     extern E:\3.46\pic18-lt\cxx-framework\src\pmc_common\ADC\adcbusy.c
               ChanLength   0x001d04    program     extern C:\Firmware\CartBike\PhysicalLoc.h
               ClearArray   0x003c26    program     extern C:\Firmware\CartBike\system\usb\usbdrv\usbdrv.c
               ClearPanel   0x00196a    program     extern C:\Firmware\CartBike\CartBike.c
       ClearScrollMessage   0x00073e    program     extern C:\Firmware\CartBike\CartBike.c
               ConvertADC   0x004416    program     extern E:\3.46\pic18-lt\cxx-framework\src\pmc_common\ADC\adcconv.c
                    D10_1   0x0043ea    program     static E:\3.46\pic18-lt\cxx-framework\src\traditional\delays\d10tcyx.asm
                     D10x   0x0043e2    program     static E:\3.46\pic18-lt\cxx-framework\src\traditional\delays\d10tcyx.asm
                   D1616S   0x002a58    program     static E:\3.46\pic18-lt\cxx-framework\src\traditional\math\fxd1616s.asm
                D1616SNEG   0x002a66    program     static E:\3.46\pic18-lt\cxx-framework\src\traditional\math\fxd1616s.asm
                 D1616SOK   0x002a62    program     static E:\3.46\pic18-lt\cxx-framework\src\traditional\math\fxd1616s.asm
                  D1616SX   0x002a78    program     static E:\3.46\pic18-lt\cxx-framework\src\traditional\math\fxd1616s.asm
                  DA1616S   0x002a48    program     static E:\3.46\pic18-lt\cxx-framework\src\traditional\math\fxd1616s.asm
              Delay10TCYx   0x0043da    program     extern E:\3.46\pic18-lt\cxx-framework\src\traditional\delays\d10tcyx.asm
                 FLO0832S   0x0027e6    program     extern E:\3.46\pic18-lt\cxx-framework\src\traditional\math\cast08FP.asm
                 FLO0832U   0x0027e2    program     extern E:\3.46\pic18-lt\cxx-framework\src\traditional\math\cast08FP.asm
                 FLO1632S   0x002808    program     extern E:\3.46\pic18-lt\cxx-framework\src\traditional\math\cast16FP.asm
                 FLO1632U   0x002804    program     extern E:\3.46\pic18-lt\cxx-framework\src\traditional\math\cast16FP.asm
                    FPA32   0x002830    program     extern E:\3.46\pic18-lt\cxx-framework\src\traditional\math\addFP.asm
                    FPM32   0x00295c    program     extern E:\3.46\pic18-lt\cxx-framework\src\traditional\math\mulFP.asm
                    FPS32   0x00282e    program     extern E:\3.46\pic18-lt\cxx-framework\src\traditional\math\addFP.asm
                 FXD0808U   0x0043be    program     extern E:\3.46\pic18-lt\cxx-framework\src\traditional\math\fxd0808u.c
                 FXD1616S   0x002a36    program     extern E:\3.46\pic18-lt\cxx-framework\src\traditional\math\fxd1616s.asm
                 FXD1616U   0x004356    program     extern E:\3.46\pic18-lt\cxx-framework\src\traditional\math\fxd1616u.c
          FullTransversal   0x0019f8    program     extern C:\Firmware\CartBike\CartBike.c
        FullTransversalEX   0x000eb8    program     extern C:\Firmware\CartBike\CartBike.c
      GetAlphaPixelLength   0x000848    program     extern C:\Firmware\CartBike\CartBike.c
                   GetBit   0x000b68    program     extern C:\Firmware\CartBike\CartBike.c
                   HSB_ar   0x00219c    program     extern C:\Firmware\CartBike\HSB.h
                  INT3208   0x002a82    program     extern E:\3.46\pic18-lt\cxx-framework\src\traditional\math\castFP08.asm
         InitializeSystem   0x0038d4    program     static C:\Firmware\CartBike\main.c
     InterruptHandlerHigh   0x0038fa    program     extern C:\Firmware\CartBike\main.c
      InterruptHandlerLow   0x00390c    program     extern C:\Firmware\CartBike\main.c
      InterruptVectorHigh   0x000008    program     extern C:\Firmware\CartBike\main.c
       InterruptVectorLow   0x000018    program     extern C:\Firmware\CartBike\main.c
               LoadVolume   0x000116    program     extern C:\Firmware\CartBike\CartBike.c
                  OpenADC   0x00421a    program     extern E:\3.46\pic18-lt\cxx-framework\src\pmc_common\ADC\adcopen.c
                  OpenSPI   0x004288    program     extern E:\3.46\pic18-lt\cxx-framework\src\pmc_common\SPI\spi_open.c
                  PhysLoc   0x001d0c    program     extern C:\Firmware\CartBike\PhysicalLoc.h
             PollHardware   0x003972    program     extern C:\Firmware\CartBike\user\user.c
                ProcessIO   0x00395e    program     extern C:\Firmware\CartBike\user\user.c
                  ReadADC   0x004404    program     extern E:\3.46\pic18-lt\cxx-framework\src\pmc_common\ADC\adcread.c
                  SafeSub   0x000086    program     extern C:\Firmware\CartBike\CartBike.c
          ServiceRequests   0x003974    program     extern C:\Firmware\CartBike\user\user.c
                   SetBit   0x0007aa    program     extern C:\Firmware\CartBike\CartBike.c
               SetChanADC   0x004328    program     extern E:\3.46\pic18-lt\cxx-framework\src\pmc_common\ADC\adcsetch.c
               SetChannel   0x000558    program     extern C:\Firmware\CartBike\CartBike.c
           SetPatternMode   0x00002c    program     extern C:\Firmware\CartBike\CartBike.c
          SetScrollLength   0x000714    program     extern C:\Firmware\CartBike\CartBike.c
             ShiftMessage   0x000a30    program     extern C:\Firmware\CartBike\CartBike.c
                  TAGTB32   0x002ad0    program     extern E:\3.46\pic18-lt\cxx-framework\src\traditional\math\gtFP.asm
                  TALTB32   0x002ae2    program     extern E:\3.46\pic18-lt\cxx-framework\src\traditional\math\ltFP.asm
      TransverseSecondary   0x000c82    program     extern C:\Firmware\CartBike\CartBike.c
        USBCheckBusStatus   0x003adc    program     extern C:\Firmware\CartBike\system\usb\usbdrv\usbdrv.c
       USBCheckStdRequest   0x0030ec    program     extern C:\Firmware\CartBike\system\usb\usb9\usb9.c
         USBCtrlEPService   0x0033f4    program     extern C:\Firmware\CartBike\system\usb\usbctrltrf\usbctrltrf.c
 USBCtrlEPServiceComplete   0x0035fe    program     extern C:\Firmware\CartBike\system\usb\usbctrltrf\usbctrltrf.c
      USBCtrlTrfInHandler   0x00346e    program     extern C:\Firmware\CartBike\system\usb\usbctrltrf\usbctrltrf.c
     USBCtrlTrfOutHandler   0x00344e    program     extern C:\Firmware\CartBike\system\usb\usbctrltrf\usbctrltrf.c
      USBCtrlTrfRxService   0x003584    program     extern C:\Firmware\CartBike\system\usb\usbctrltrf\usbctrltrf.c
   USBCtrlTrfSetupHandler   0x00342a    program     extern C:\Firmware\CartBike\system\usb\usbctrltrf\usbctrltrf.c
      USBCtrlTrfTxService   0x0034a8    program     extern C:\Firmware\CartBike\system\usb\usbctrltrf\usbctrltrf.c
         USBDriverService   0x003b1a    program     extern C:\Firmware\CartBike\system\usb\usbdrv\usbdrv.c
          USBErrorHandler   0x003bde    program     extern C:\Firmware\CartBike\system\usb\usbdrv\usbdrv.c
             USBGenInitEP   0x003d88    program     extern C:\Firmware\CartBike\system\usb\class\generic\usbgen.c
               USBGenRead   0x003e26    program     extern C:\Firmware\CartBike\system\usb\class\generic\usbgen.c
              USBGenWrite   0x003db2    program     extern C:\Firmware\CartBike\system\usb\class\generic\usbgen.c
         USBModuleDisable   0x003b0c    program     extern C:\Firmware\CartBike\system\usb\usbdrv\usbdrv.c
          USBModuleEnable   0x003afe    program     extern C:\Firmware\CartBike\system\usb\usbdrv\usbdrv.c
USBPrepareForNextSetupTrf   0x00368a    program     extern C:\Firmware\CartBike\system\usb\usbctrltrf\usbctrltrf.c
  USBProtocolResetHandler   0x003be2    program     extern C:\Firmware\CartBike\system\usb\usbdrv\usbdrv.c
          USBRemoteWakeup   0x003ba8    program     extern C:\Firmware\CartBike\system\usb\usbdrv\usbdrv.c
            USBSoftDetach   0x003b16    program     extern C:\Firmware\CartBike\system\usb\usbdrv\usbdrv.c
          USBStallHandler   0x003bd0    program     extern C:\Firmware\CartBike\system\usb\usbdrv\usbdrv.c
  USBStdFeatureReqHandler   0x003352    program     extern C:\Firmware\CartBike\system\usb\usb9\usb9.c
      USBStdGetDscHandler   0x0031ae    program     extern C:\Firmware\CartBike\system\usb\usb9\usb9.c
   USBStdGetStatusHandler   0x0032b6    program     extern C:\Firmware\CartBike\system\usb\usb9\usb9.c
      USBStdSetCfgHandler   0x003266    program     extern C:\Firmware\CartBike\system\usb\usb9\usb9.c
               USBSuspend   0x003b98    program     extern C:\Firmware\CartBike\system\usb\usbdrv\usbdrv.c
                 USBTasks   0x0038ec    program     extern C:\Firmware\CartBike\main.c
       USBWakeFromSuspend   0x003ba0    program     extern C:\Firmware\CartBike\system\usb\usbdrv\usbdrv.c
               USB_CD_Ptr   0x004172    program     extern C:\Firmware\CartBike\autofiles\usbdsc.c
               USB_SD_Ptr   0x004176    program     extern C:\Firmware\CartBike\autofiles\usbdsc.c
          USB_SOF_Handler   0x003bcc    program     extern C:\Firmware\CartBike\system\usb\usbdrv\usbdrv.c
                 UserInit   0x00391e    program     extern C:\Firmware\CartBike\user\user.c
                 WriteSPI   0x0042ec    program     extern E:\3.46\pic18-lt\cxx-framework\src\pmc_common\SPI\spi_writ.c
        _D10TCYXCODE_000A   0x0043e4    program     static E:\3.46\pic18-lt\cxx-framework\src\traditional\delays\d10tcyx.asm
        _D10TCYXCODE_000C   0x0043e6    program     static E:\3.46\pic18-lt\cxx-framework\src\traditional\delays\d10tcyx.asm
        _D10TCYXCODE_000E   0x0043e8    program     static E:\3.46\pic18-lt\cxx-framework\src\traditional\delays\d10tcyx.asm
                _PackMath   0x003fc2    program     extern E:\3.46\pic18-lt\cxx-framework\src\traditional\stdclib\PackMath.c
                _UnpkMath   0x003ea6    program     extern E:\3.46\pic18-lt\cxx-framework\src\traditional\stdclib\UnpkMath.c
              __FpCompare   0x002af4    program     extern E:\3.46\pic18-lt\cxx-framework\src\traditional\math\compFP.asm
                 __FpExit   0x002baa    program     extern E:\3.46\pic18-lt\cxx-framework\src\traditional\math\packFP.asm
                 __FpPack   0x002bd6    program     extern E:\3.46\pic18-lt\cxx-framework\src\traditional\math\packFP.asm
            __FpReturnNaN   0x002b9e    program     extern E:\3.46\pic18-lt\cxx-framework\src\traditional\math\packFP.asm
         __FpReturnNegInf   0x002bb0    program     extern E:\3.46\pic18-lt\cxx-framework\src\traditional\math\packFP.asm
        __FpReturnNegZero   0x002bc8    program     extern E:\3.46\pic18-lt\cxx-framework\src\traditional\math\packFP.asm
         __FpReturnPosInf   0x002bb6    program     extern E:\3.46\pic18-lt\cxx-framework\src\traditional\math\packFP.asm
        __FpReturnPosZero   0x002bd0    program     extern E:\3.46\pic18-lt\cxx-framework\src\traditional\math\packFP.asm
        __FpReturnSignInf   0x002bac    program     extern E:\3.46\pic18-lt\cxx-framework\src\traditional\math\packFP.asm
       __FpReturnSignZero   0x002bc4    program     extern E:\3.46\pic18-lt\cxx-framework\src\traditional\math\packFP.asm
              __FpReturnW   0x002c2e    program     extern E:\3.46\pic18-lt\cxx-framework\src\traditional\math\packFP.asm
              __FpUnPackA   0x002c4e    program     extern E:\3.46\pic18-lt\cxx-framework\src\traditional\math\UnpackFP.asm
              __FpUnPackB   0x002c7e    program     extern E:\3.46\pic18-lt\cxx-framework\src\traditional\math\UnpackFP.asm
       ___return_lbl00000   0x004380    program     static                          
       ___return_lbl00000   0x0043d8    program     static                          
       ___return_lbl00000   0x000004    program     static                          
       ___return_lbl00000   0x00000c    program     static                          
       ___return_lbl00001   0x00001c    program     static                          
       ___return_lbl00001   0x0043bc    program     static                          
       ___return_lbl00002   0x004218    program     static                          
       ___return_lbl00042   0x003c48    program     static                          
        ___while_lbl00043   0x003c3a    program     static                          
        ___while_lbl00044   0x003c48    program     static                          
               __config_0   0x300000    program     static C:\Firmware\CartBike\main.c
               __config_1   0x300001    program     static C:\Firmware\CartBike\main.c
              __config_10   0x30000c    program     static C:\Firmware\CartBike\main.c
              __config_11   0x30000d    program     static C:\Firmware\CartBike\main.c
               __config_2   0x300002    program     static C:\Firmware\CartBike\main.c
               __config_3   0x300003    program     static C:\Firmware\CartBike\main.c
               __config_4   0x300005    program     static C:\Firmware\CartBike\main.c
               __config_5   0x300006    program     static C:\Firmware\CartBike\main.c
               __config_6   0x300008    program     static C:\Firmware\CartBike\main.c
               __config_7   0x300009    program     static C:\Firmware\CartBike\main.c
               __config_8   0x30000a    program     static C:\Firmware\CartBike\main.c
               __config_9   0x30000b    program     static C:\Firmware\CartBike\main.c
                   __init   0x000006    program     extern E:\3.46\pic18-lt\cxx-framework\src\traditional\stdclib\__init.c
                   __pa_0   0x003048    program     static E:\3.46\pic18-lt\cxx-framework\src\traditional\stdclib\sqrt.c
                   __pa_0   0x00408a    program     static E:\3.46\pic18-lt\cxx-framework\src\traditional\stdclib\PackMath.c
                   __pa_0   0x003fb4    program     static E:\3.46\pic18-lt\cxx-framework\src\traditional\stdclib\UnpkMath.c
                   __pa_0   0x003d7e    program     static E:\3.46\pic18-lt\cxx-framework\src\traditional\stdclib\ldexp.c
                   __pa_1   0x003052    program     static E:\3.46\pic18-lt\cxx-framework\src\traditional\stdclib\sqrt.c
                   __pa_1   0x00409a    program     static E:\3.46\pic18-lt\cxx-framework\src\traditional\stdclib\PackMath.c
                   __pa_2   0x00306c    program     static E:\3.46\pic18-lt\cxx-framework\src\traditional\stdclib\sqrt.c
                   __pa_2   0x0040a8    program     static E:\3.46\pic18-lt\cxx-framework\src\traditional\stdclib\PackMath.c
                   __pa_3   0x003086    program     static E:\3.46\pic18-lt\cxx-framework\src\traditional\stdclib\sqrt.c
                   __pa_3   0x0040b2    program     static E:\3.46\pic18-lt\cxx-framework\src\traditional\stdclib\PackMath.c
                   __pa_4   0x0040c0    program     static E:\3.46\pic18-lt\cxx-framework\src\traditional\stdclib\PackMath.c
                   __pa_4   0x003098    program     static E:\3.46\pic18-lt\cxx-framework\src\traditional\stdclib\sqrt.c
                   __pa_5   0x0040c8    program     static E:\3.46\pic18-lt\cxx-framework\src\traditional\stdclib\PackMath.c
                   __pa_5   0x0030aa    program     static E:\3.46\pic18-lt\cxx-framework\src\traditional\stdclib\sqrt.c
                   __pa_6   0x0040d0    program     static E:\3.46\pic18-lt\cxx-framework\src\traditional\stdclib\PackMath.c
                   __pa_6   0x0030bc    program     static E:\3.46\pic18-lt\cxx-framework\src\traditional\stdclib\sqrt.c
                   __pa_7   0x0030ca    program     static E:\3.46\pic18-lt\cxx-framework\src\traditional\stdclib\sqrt.c
                   __pa_8   0x0030d2    program     static E:\3.46\pic18-lt\cxx-framework\src\traditional\stdclib\sqrt.c
                   __pa_9   0x0030dc    program     static E:\3.46\pic18-lt\cxx-framework\src\traditional\stdclib\sqrt.c
            __zero_memory   0x004382    program     extern E:\3.46\pic18-lt\cxx-framework\src\traditional\proc\p18f4550.asm
                _do_cinit   0x00417c    program     extern E:\3.46\pic18-lt\cxx-framework\src\traditional\startup\c018i.c
                   _entry   0x000000    program     extern E:\3.46\pic18-lt\cxx-framework\src\traditional\startup\c018i.c
                 _startup   0x0043a2    program     extern E:\3.46\pic18-lt\cxx-framework\src\traditional\startup\c018i.c
                    cfg01   0x0040ee    program     extern C:\Firmware\CartBike\autofiles\usbdsc.c
                compare_l   0x004398    program     static E:\3.46\pic18-lt\cxx-framework\src\traditional\proc\p18f4550.asm
                copy_loop   0x0041ee    program     static                          
            copy_one_byte   0x0041f4    program     static                          
               device_dsc   0x0040dc    program     extern C:\Firmware\CartBike\autofiles\usbdsc.c
                     done   0x004218    program     static                          
             done_copying   0x004202    program     static                          
                  endloop   0x00437c    program     static                          
                  endloop   0x0043d4    program     static                          
                fromAscii   0x00096e    program     extern C:\Firmware\CartBike\CartBike.c
                  giveHSB   0x00057e    program     extern C:\Firmware\CartBike\CartBike.c
                  giveRGB   0x0006a6    program     extern C:\Firmware\CartBike\CartBike.c
        giveRGB_secondary   0x000c14    program     extern C:\Firmware\CartBike\CartBike.c
                 jANotInf   0x00297a    program     static E:\3.46\pic18-lt\cxx-framework\src\traditional\math\mulFP.asm
                 jANotInf   0x002858    program     static E:\3.46\pic18-lt\cxx-framework\src\traditional\math\addFP.asm
                 jANotNeg   0x0028ec    program     static E:\3.46\pic18-lt\cxx-framework\src\traditional\math\addFP.asm
              jAandWsetup   0x0028bc    program     static E:\3.46\pic18-lt\cxx-framework\src\traditional\math\addFP.asm
                  jAisNeg   0x002b70    program     static E:\3.46\pic18-lt\cxx-framework\src\traditional\math\compFP.asm
                 jAltBexp   0x0028aa    program     static E:\3.46\pic18-lt\cxx-framework\src\traditional\math\addFP.asm
                jBANotInf   0x00284e    program     static E:\3.46\pic18-lt\cxx-framework\src\traditional\math\addFP.asm
                 jBNotInf   0x002866    program     static E:\3.46\pic18-lt\cxx-framework\src\traditional\math\addFP.asm
              jBothFinite   0x002988    program     static E:\3.46\pic18-lt\cxx-framework\src\traditional\math\mulFP.asm
             jBothNotZero   0x002b12    program     static E:\3.46\pic18-lt\cxx-framework\src\traditional\math\compFP.asm
             jBothNotZero   0x002994    program     static E:\3.46\pic18-lt\cxx-framework\src\traditional\math\mulFP.asm
            jDifOrPosSign   0x00287a    program     static E:\3.46\pic18-lt\cxx-framework\src\traditional\math\addFP.asm
                      jEQ   0x002b2e    program     static E:\3.46\pic18-lt\cxx-framework\src\traditional\math\compFP.asm
                    jExch   0x002b3a    program     static E:\3.46\pic18-lt\cxx-framework\src\traditional\math\compFP.asm
                    jExit   0x002ace    program     static E:\3.46\pic18-lt\cxx-framework\src\traditional\math\castFP08.asm
                   jExpEQ   0x002b80    program     static E:\3.46\pic18-lt\cxx-framework\src\traditional\math\compFP.asm
                   jFinal   0x002b64    program     static E:\3.46\pic18-lt\cxx-framework\src\traditional\math\compFP.asm
               jFinalSign   0x002954    program     static E:\3.46\pic18-lt\cxx-framework\src\traditional\math\addFP.asm
                jHaveZero   0x002990    program     static E:\3.46\pic18-lt\cxx-framework\src\traditional\math\mulFP.asm
                jI2F08Beg   0x0027f0    program     static E:\3.46\pic18-lt\cxx-framework\src\traditional\math\cast08FP.asm
                jI2F16Beg   0x002818    program     static E:\3.46\pic18-lt\cxx-framework\src\traditional\math\cast16FP.asm
                    jLoop   0x002ab6    program     static E:\3.46\pic18-lt\cxx-framework\src\traditional\math\castFP08.asm
                jLoopExit   0x002ac4    program     static E:\3.46\pic18-lt\cxx-framework\src\traditional\math\castFP08.asm
                     jMax   0x002a92    program     static E:\3.46\pic18-lt\cxx-framework\src\traditional\math\castFP08.asm
                  jMaxNeg   0x002a9c    program     static E:\3.46\pic18-lt\cxx-framework\src\traditional\math\castFP08.asm
                  jMaxPos   0x002a96    program     static E:\3.46\pic18-lt\cxx-framework\src\traditional\math\castFP08.asm
                      jNE   0x002b32    program     static E:\3.46\pic18-lt\cxx-framework\src\traditional\math\compFP.asm
                  jNoExch   0x002b5a    program     static E:\3.46\pic18-lt\cxx-framework\src\traditional\math\compFP.asm
             jNotBothZero   0x00287e    program     static E:\3.46\pic18-lt\cxx-framework\src\traditional\math\addFP.asm
                  jNotInf   0x002aa6    program     static E:\3.46\pic18-lt\cxx-framework\src\traditional\math\castFP08.asm
                  jPkLoop   0x002be4    program     static E:\3.46\pic18-lt\cxx-framework\src\traditional\math\packFP.asm
             jPkRoundDone   0x002c2e    program     static E:\3.46\pic18-lt\cxx-framework\src\traditional\math\packFP.asm
               jPkRoundIt   0x002c16    program     static E:\3.46\pic18-lt\cxx-framework\src\traditional\math\packFP.asm
             jPkShiftDone   0x002c00    program     static E:\3.46\pic18-lt\cxx-framework\src\traditional\math\packFP.asm
           jReturnPosInf0   0x002bba    program     static E:\3.46\pic18-lt\cxx-framework\src\traditional\math\packFP.asm
                  jRotate   0x002b8c    program     static E:\3.46\pic18-lt\cxx-framework\src\traditional\math\compFP.asm
                   jShift   0x002b76    program     static E:\3.46\pic18-lt\cxx-framework\src\traditional\math\compFP.asm
               jShiftDone   0x002914    program     static E:\3.46\pic18-lt\cxx-framework\src\traditional\math\addFP.asm
               jShiftLoop   0x002906    program     static E:\3.46\pic18-lt\cxx-framework\src\traditional\math\addFP.asm
                jSignDone   0x002944    program     static E:\3.46\pic18-lt\cxx-framework\src\traditional\math\addFP.asm
                 jSignsEQ   0x002b16    program     static E:\3.46\pic18-lt\cxx-framework\src\traditional\math\compFP.asm
                  jUnpkA1   0x002c58    program     static E:\3.46\pic18-lt\cxx-framework\src\traditional\math\UnpackFP.asm
                  jUnpkA2   0x002c70    program     static E:\3.46\pic18-lt\cxx-framework\src\traditional\math\UnpackFP.asm
                 jUnpkANZ   0x002c66    program     static E:\3.46\pic18-lt\cxx-framework\src\traditional\math\UnpackFP.asm
                  jUnpkB1   0x002c88    program     static E:\3.46\pic18-lt\cxx-framework\src\traditional\math\UnpackFP.asm
                  jUnpkB2   0x002ca0    program     static E:\3.46\pic18-lt\cxx-framework\src\traditional\math\UnpackFP.asm
                 jUnpkBNZ   0x002c96    program     static E:\3.46\pic18-lt\cxx-framework\src\traditional\math\UnpackFP.asm
                 jUnpkNaN   0x002c7a    program     static E:\3.46\pic18-lt\cxx-framework\src\traditional\math\UnpackFP.asm
                 jWNotNeg   0x002900    program     static E:\3.46\pic18-lt\cxx-framework\src\traditional\math\addFP.asm
                    jZero   0x002aa2    program     static E:\3.46\pic18-lt\cxx-framework\src\traditional\math\castFP08.asm
               jZero1and2   0x002bbe    program     static E:\3.46\pic18-lt\cxx-framework\src\traditional\math\packFP.asm
                    ldexp   0x003c50    program     extern E:\3.46\pic18-lt\cxx-framework\src\traditional\stdclib\ldexp.c
           loadADCchannel   0x000042    program     extern C:\Firmware\CartBike\CartBike.c
                     loop   0x0043c6    program     static                          
                     loop   0x004360    program     static                          
                     loop   0x0043b2    program     static                          
                   loop_h   0x004390    program     static E:\3.46\pic18-lt\cxx-framework\src\traditional\proc\p18f4550.asm
                   loop_l   0x00439a    program     static E:\3.46\pic18-lt\cxx-framework\src\traditional\proc\p18f4550.asm
                     main   0x0036a6    program     extern C:\Firmware\CartBike\main.c
                printchar   0x00086c    program     extern C:\Firmware\CartBike\CartBike.c
                    sd000   0x00410e    program     extern C:\Firmware\CartBike\autofiles\usbdsc.c
                    sd001   0x004112    program     extern C:\Firmware\CartBike\autofiles\usbdsc.c
                    sd002   0x004146    program     extern C:\Firmware\CartBike\autofiles\usbdsc.c
                     sqrt   0x002caa    program     extern E:\3.46\pic18-lt\cxx-framework\src\traditional\stdclib\sqrt.c
                     test   0x004196    program     static                          
                verstring   0x0043f0    program     extern C:\Firmware\CartBike\main.c
               zero_block   0x004390    program     static E:\3.46\pic18-lt\cxx-framework\src\traditional\proc\p18f4550.asm
                   ADCON0   0x000fc2       data     extern E:\3.46\pic18-lt\cxx-framework\src\traditional\proc\p18f4550.asm
               ADCON0bits   0x000fc2       data     extern E:\3.46\pic18-lt\cxx-framework\src\traditional\proc\p18f4550.asm
                   ADCON1   0x000fc1       data     extern E:\3.46\pic18-lt\cxx-framework\src\traditional\proc\p18f4550.asm
               ADCON1bits   0x000fc1       data     extern E:\3.46\pic18-lt\cxx-framework\src\traditional\proc\p18f4550.asm
                   ADCON2   0x000fc0       data     extern E:\3.46\pic18-lt\cxx-framework\src\traditional\proc\p18f4550.asm
               ADCON2bits   0x000fc0       data     extern E:\3.46\pic18-lt\cxx-framework\src\traditional\proc\p18f4550.asm
                    ADRES   0x000fc3       data     extern E:\3.46\pic18-lt\cxx-framework\src\traditional\proc\p18f4550.asm
                   ADRESH   0x000fc4       data     extern E:\3.46\pic18-lt\cxx-framework\src\traditional\proc\p18f4550.asm
                   ADRESL   0x000fc3       data     extern E:\3.46\pic18-lt\cxx-framework\src\traditional\proc\p18f4550.asm
                  BAUDCON   0x000fb8       data     extern E:\3.46\pic18-lt\cxx-framework\src\traditional\proc\p18f4550.asm
              BAUDCONbits   0x000fb8       data     extern E:\3.46\pic18-lt\cxx-framework\src\traditional\proc\p18f4550.asm
                  BAUDCTL   0x000fb8       data     extern E:\3.46\pic18-lt\cxx-framework\src\traditional\proc\p18f4550.asm
              BAUDCTLbits   0x000fb8       data     extern E:\3.46\pic18-lt\cxx-framework\src\traditional\proc\p18f4550.asm
                      BSR   0x000fe0       data     extern E:\3.46\pic18-lt\cxx-framework\src\traditional\proc\p18f4550.asm
                   CCP1AS   0x000fb6       data     extern E:\3.46\pic18-lt\cxx-framework\src\traditional\proc\p18f4550.asm
               CCP1ASbits   0x000fb6       data     extern E:\3.46\pic18-lt\cxx-framework\src\traditional\proc\p18f4550.asm
                  CCP1CON   0x000fbd       data     extern E:\3.46\pic18-lt\cxx-framework\src\traditional\proc\p18f4550.asm
              CCP1CONbits   0x000fbd       data     extern E:\3.46\pic18-lt\cxx-framework\src\traditional\proc\p18f4550.asm
                  CCP1DEL   0x000fb7       data     extern E:\3.46\pic18-lt\cxx-framework\src\traditional\proc\p18f4550.asm
              CCP1DELbits   0x000fb7       data     extern E:\3.46\pic18-lt\cxx-framework\src\traditional\proc\p18f4550.asm
                  CCP2CON   0x000fba       data     extern E:\3.46\pic18-lt\cxx-framework\src\traditional\proc\p18f4550.asm
              CCP2CONbits   0x000fba       data     extern E:\3.46\pic18-lt\cxx-framework\src\traditional\proc\p18f4550.asm
                    CCPR1   0x000fbe       data     extern E:\3.46\pic18-lt\cxx-framework\src\traditional\proc\p18f4550.asm
                   CCPR1H   0x000fbf       data     extern E:\3.46\pic18-lt\cxx-framework\src\traditional\proc\p18f4550.asm
                   CCPR1L   0x000fbe       data     extern E:\3.46\pic18-lt\cxx-framework\src\traditional\proc\p18f4550.asm
                    CCPR2   0x000fbb       data     extern E:\3.46\pic18-lt\cxx-framework\src\traditional\proc\p18f4550.asm
                   CCPR2H   0x000fbc       data     extern E:\3.46\pic18-lt\cxx-framework\src\traditional\proc\p18f4550.asm
                   CCPR2L   0x000fbb       data     extern E:\3.46\pic18-lt\cxx-framework\src\traditional\proc\p18f4550.asm
                    CMCON   0x000fb4       data     extern E:\3.46\pic18-lt\cxx-framework\src\traditional\proc\p18f4550.asm
                CMCONbits   0x000fb4       data     extern E:\3.46\pic18-lt\cxx-framework\src\traditional\proc\p18f4550.asm
                   CVRCON   0x000fb5       data     extern E:\3.46\pic18-lt\cxx-framework\src\traditional\proc\p18f4550.asm
               CVRCONbits   0x000fb5       data     extern E:\3.46\pic18-lt\cxx-framework\src\traditional\proc\p18f4550.asm
              CtrlTrfData   0x000420       data     extern C:\Firmware\CartBike\system\usb\usbmmap.c
                       D1   0x0000b3       data     static C:\Firmware\CartBike\user\user.c
                       D2   0x0000b4       data     static C:\Firmware\CartBike\user\user.c
                       D3   0x0000b5       data     static C:\Firmware\CartBike\user\user.c
                     DDRA   0x000f92       data     extern E:\3.46\pic18-lt\cxx-framework\src\traditional\proc\p18f4550.asm
                 DDRAbits   0x000f92       data     extern E:\3.46\pic18-lt\cxx-framework\src\traditional\proc\p18f4550.asm
                     DDRB   0x000f93       data     extern E:\3.46\pic18-lt\cxx-framework\src\traditional\proc\p18f4550.asm
                 DDRBbits   0x000f93       data     extern E:\3.46\pic18-lt\cxx-framework\src\traditional\proc\p18f4550.asm
                     DDRC   0x000f94       data     extern E:\3.46\pic18-lt\cxx-framework\src\traditional\proc\p18f4550.asm
                 DDRCbits   0x000f94       data     extern E:\3.46\pic18-lt\cxx-framework\src\traditional\proc\p18f4550.asm
                     DDRD   0x000f95       data     extern E:\3.46\pic18-lt\cxx-framework\src\traditional\proc\p18f4550.asm
                 DDRDbits   0x000f95       data     extern E:\3.46\pic18-lt\cxx-framework\src\traditional\proc\p18f4550.asm
                     DDRE   0x000f96       data     extern E:\3.46\pic18-lt\cxx-framework\src\traditional\proc\p18f4550.asm
                 DDREbits   0x000f96       data     extern E:\3.46\pic18-lt\cxx-framework\src\traditional\proc\p18f4550.asm
                  ECCP1AS   0x000fb6       data     extern E:\3.46\pic18-lt\cxx-framework\src\traditional\proc\p18f4550.asm
              ECCP1ASbits   0x000fb6       data     extern E:\3.46\pic18-lt\cxx-framework\src\traditional\proc\p18f4550.asm
                 ECCP1CON   0x000fbd       data     extern E:\3.46\pic18-lt\cxx-framework\src\traditional\proc\p18f4550.asm
             ECCP1CONbits   0x000fbd       data     extern E:\3.46\pic18-lt\cxx-framework\src\traditional\proc\p18f4550.asm
                 ECCP1DEL   0x000fb7       data     extern E:\3.46\pic18-lt\cxx-framework\src\traditional\proc\p18f4550.asm
             ECCP1DELbits   0x000fb7       data     extern E:\3.46\pic18-lt\cxx-framework\src\traditional\proc\p18f4550.asm
                    EEADR   0x000fa9       data     extern E:\3.46\pic18-lt\cxx-framework\src\traditional\proc\p18f4550.asm
                   EECON1   0x000fa6       data     extern E:\3.46\pic18-lt\cxx-framework\src\traditional\proc\p18f4550.asm
               EECON1bits   0x000fa6       data     extern E:\3.46\pic18-lt\cxx-framework\src\traditional\proc\p18f4550.asm
                   EECON2   0x000fa7       data     extern E:\3.46\pic18-lt\cxx-framework\src\traditional\proc\p18f4550.asm
                   EEDATA   0x000fa8       data     extern E:\3.46\pic18-lt\cxx-framework\src\traditional\proc\p18f4550.asm
                     FSR0   0x000fe9       data     extern E:\3.46\pic18-lt\cxx-framework\src\traditional\proc\p18f4550.asm
                    FSR0H   0x000fea       data     extern E:\3.46\pic18-lt\cxx-framework\src\traditional\proc\p18f4550.asm
                    FSR0L   0x000fe9       data     extern E:\3.46\pic18-lt\cxx-framework\src\traditional\proc\p18f4550.asm
                     FSR1   0x000fe1       data     extern E:\3.46\pic18-lt\cxx-framework\src\traditional\proc\p18f4550.asm
                    FSR1H   0x000fe2       data     extern E:\3.46\pic18-lt\cxx-framework\src\traditional\proc\p18f4550.asm
                    FSR1L   0x000fe1       data     extern E:\3.46\pic18-lt\cxx-framework\src\traditional\proc\p18f4550.asm
                     FSR2   0x000fd9       data     extern E:\3.46\pic18-lt\cxx-framework\src\traditional\proc\p18f4550.asm
                    FSR2H   0x000fda       data     extern E:\3.46\pic18-lt\cxx-framework\src\traditional\proc\p18f4550.asm
                    FSR2L   0x000fd9       data     extern E:\3.46\pic18-lt\cxx-framework\src\traditional\proc\p18f4550.asm
                 Fchannel   0x000067       data     extern C:\Firmware\CartBike\CartBike.c
                  HLVDCON   0x000fd2       data     extern E:\3.46\pic18-lt\cxx-framework\src\traditional\proc\p18f4550.asm
              HLVDCONbits   0x000fd2       data     extern E:\3.46\pic18-lt\cxx-framework\src\traditional\proc\p18f4550.asm
          HasNotHitEleven   0x000077       data     extern C:\Firmware\CartBike\CartBike.c
                    INDF0   0x000fef       data     extern E:\3.46\pic18-lt\cxx-framework\src\traditional\proc\p18f4550.asm
                    INDF1   0x000fe7       data     extern E:\3.46\pic18-lt\cxx-framework\src\traditional\proc\p18f4550.asm
                    INDF2   0x000fdf       data     extern E:\3.46\pic18-lt\cxx-framework\src\traditional\proc\p18f4550.asm
                   INTCON   0x000ff2       data     extern E:\3.46\pic18-lt\cxx-framework\src\traditional\proc\p18f4550.asm
                  INTCON2   0x000ff1       data     extern E:\3.46\pic18-lt\cxx-framework\src\traditional\proc\p18f4550.asm
              INTCON2bits   0x000ff1       data     extern E:\3.46\pic18-lt\cxx-framework\src\traditional\proc\p18f4550.asm
                  INTCON3   0x000ff0       data     extern E:\3.46\pic18-lt\cxx-framework\src\traditional\proc\p18f4550.asm
              INTCON3bits   0x000ff0       data     extern E:\3.46\pic18-lt\cxx-framework\src\traditional\proc\p18f4550.asm
               INTCONbits   0x000ff2       data     extern E:\3.46\pic18-lt\cxx-framework\src\traditional\proc\p18f4550.asm
                     IPR1   0x000f9f       data     extern E:\3.46\pic18-lt\cxx-framework\src\traditional\proc\p18f4550.asm
                 IPR1bits   0x000f9f       data     extern E:\3.46\pic18-lt\cxx-framework\src\traditional\proc\p18f4550.asm
                     IPR2   0x000fa2       data     extern E:\3.46\pic18-lt\cxx-framework\src\traditional\proc\p18f4550.asm
                 IPR2bits   0x000fa2       data     extern E:\3.46\pic18-lt\cxx-framework\src\traditional\proc\p18f4550.asm
                     LATA   0x000f89       data     extern E:\3.46\pic18-lt\cxx-framework\src\traditional\proc\p18f4550.asm
                 LATAbits   0x000f89       data     extern E:\3.46\pic18-lt\cxx-framework\src\traditional\proc\p18f4550.asm
                     LATB   0x000f8a       data     extern E:\3.46\pic18-lt\cxx-framework\src\traditional\proc\p18f4550.asm
                 LATBbits   0x000f8a       data     extern E:\3.46\pic18-lt\cxx-framework\src\traditional\proc\p18f4550.asm
                     LATC   0x000f8b       data     extern E:\3.46\pic18-lt\cxx-framework\src\traditional\proc\p18f4550.asm
                 LATCbits   0x000f8b       data     extern E:\3.46\pic18-lt\cxx-framework\src\traditional\proc\p18f4550.asm
                     LATD   0x000f8c       data     extern E:\3.46\pic18-lt\cxx-framework\src\traditional\proc\p18f4550.asm
                 LATDbits   0x000f8c       data     extern E:\3.46\pic18-lt\cxx-framework\src\traditional\proc\p18f4550.asm
                     LATE   0x000f8d       data     extern E:\3.46\pic18-lt\cxx-framework\src\traditional\proc\p18f4550.asm
                 LATEbits   0x000f8d       data     extern E:\3.46\pic18-lt\cxx-framework\src\traditional\proc\p18f4550.asm
                   LVDCON   0x000fd2       data     extern E:\3.46\pic18-lt\cxx-framework\src\traditional\proc\p18f4550.asm
               LVDCONbits   0x000fd2       data     extern E:\3.46\pic18-lt\cxx-framework\src\traditional\proc\p18f4550.asm
                 MaxIndex   0x000075       data     extern C:\Firmware\CartBike\CartBike.c
                 MaxValue   0x000076       data     extern C:\Firmware\CartBike\CartBike.c
                   OSCCON   0x000fd3       data     extern E:\3.46\pic18-lt\cxx-framework\src\traditional\proc\p18f4550.asm
               OSCCONbits   0x000fd3       data     extern E:\3.46\pic18-lt\cxx-framework\src\traditional\proc\p18f4550.asm
                  OSCTUNE   0x000f9b       data     extern E:\3.46\pic18-lt\cxx-framework\src\traditional\proc\p18f4550.asm
              OSCTUNEbits   0x000f9b       data     extern E:\3.46\pic18-lt\cxx-framework\src\traditional\proc\p18f4550.asm
                       PC   0x000ff9       data     extern E:\3.46\pic18-lt\cxx-framework\src\traditional\proc\p18f4550.asm
                      PCL   0x000ff9       data     extern E:\3.46\pic18-lt\cxx-framework\src\traditional\proc\p18f4550.asm
                   PCLATH   0x000ffa       data     extern E:\3.46\pic18-lt\cxx-framework\src\traditional\proc\p18f4550.asm
                   PCLATU   0x000ffb       data     extern E:\3.46\pic18-lt\cxx-framework\src\traditional\proc\p18f4550.asm
                     PIE1   0x000f9d       data     extern E:\3.46\pic18-lt\cxx-framework\src\traditional\proc\p18f4550.asm
                 PIE1bits   0x000f9d       data     extern E:\3.46\pic18-lt\cxx-framework\src\traditional\proc\p18f4550.asm
                     PIE2   0x000fa0       data     extern E:\3.46\pic18-lt\cxx-framework\src\traditional\proc\p18f4550.asm
                 PIE2bits   0x000fa0       data     extern E:\3.46\pic18-lt\cxx-framework\src\traditional\proc\p18f4550.asm
                     PIR1   0x000f9e       data     extern E:\3.46\pic18-lt\cxx-framework\src\traditional\proc\p18f4550.asm
                 PIR1bits   0x000f9e       data     extern E:\3.46\pic18-lt\cxx-framework\src\traditional\proc\p18f4550.asm
                     PIR2   0x000fa1       data     extern E:\3.46\pic18-lt\cxx-framework\src\traditional\proc\p18f4550.asm
                 PIR2bits   0x000fa1       data     extern E:\3.46\pic18-lt\cxx-framework\src\traditional\proc\p18f4550.asm
                   PLUSW0   0x000feb       data     extern E:\3.46\pic18-lt\cxx-framework\src\traditional\proc\p18f4550.asm
                   PLUSW1   0x000fe3       data     extern E:\3.46\pic18-lt\cxx-framework\src\traditional\proc\p18f4550.asm
                   PLUSW2   0x000fdb       data     extern E:\3.46\pic18-lt\cxx-framework\src\traditional\proc\p18f4550.asm
                    PORTA   0x000f80       data     extern E:\3.46\pic18-lt\cxx-framework\src\traditional\proc\p18f4550.asm
                PORTAbits   0x000f80       data     extern E:\3.46\pic18-lt\cxx-framework\src\traditional\proc\p18f4550.asm
                    PORTB   0x000f81       data     extern E:\3.46\pic18-lt\cxx-framework\src\traditional\proc\p18f4550.asm
                PORTBbits   0x000f81       data     extern E:\3.46\pic18-lt\cxx-framework\src\traditional\proc\p18f4550.asm
                    PORTC   0x000f82       data     extern E:\3.46\pic18-lt\cxx-framework\src\traditional\proc\p18f4550.asm
                PORTCbits   0x000f82       data     extern E:\3.46\pic18-lt\cxx-framework\src\traditional\proc\p18f4550.asm
                    PORTD   0x000f83       data     extern E:\3.46\pic18-lt\cxx-framework\src\traditional\proc\p18f4550.asm
                PORTDbits   0x000f83       data     extern E:\3.46\pic18-lt\cxx-framework\src\traditional\proc\p18f4550.asm
                    PORTE   0x000f84       data     extern E:\3.46\pic18-lt\cxx-framework\src\traditional\proc\p18f4550.asm
                PORTEbits   0x000f84       data     extern E:\3.46\pic18-lt\cxx-framework\src\traditional\proc\p18f4550.asm
                 POSTDEC0   0x000fed       data     extern E:\3.46\pic18-lt\cxx-framework\src\traditional\proc\p18f4550.asm
                 POSTDEC1   0x000fe5       data     extern E:\3.46\pic18-lt\cxx-framework\src\traditional\proc\p18f4550.asm
                 POSTDEC2   0x000fdd       data     extern E:\3.46\pic18-lt\cxx-framework\src\traditional\proc\p18f4550.asm
                 POSTINC0   0x000fee       data     extern E:\3.46\pic18-lt\cxx-framework\src\traditional\proc\p18f4550.asm
                 POSTINC1   0x000fe6       data     extern E:\3.46\pic18-lt\cxx-framework\src\traditional\proc\p18f4550.asm
                 POSTINC2   0x000fde       data     extern E:\3.46\pic18-lt\cxx-framework\src\traditional\proc\p18f4550.asm
                      PR2   0x000fcb       data     extern E:\3.46\pic18-lt\cxx-framework\src\traditional\proc\p18f4550.asm
                  PREINC0   0x000fec       data     extern E:\3.46\pic18-lt\cxx-framework\src\traditional\proc\p18f4550.asm
                  PREINC1   0x000fe4       data     extern E:\3.46\pic18-lt\cxx-framework\src\traditional\proc\p18f4550.asm
                  PREINC2   0x000fdc       data     extern E:\3.46\pic18-lt\cxx-framework\src\traditional\proc\p18f4550.asm
                     PROD   0x000ff3       data     extern E:\3.46\pic18-lt\cxx-framework\src\traditional\proc\p18f4550.asm
                    PRODH   0x000ff4       data     extern E:\3.46\pic18-lt\cxx-framework\src\traditional\proc\p18f4550.asm
                    PRODL   0x000ff3       data     extern E:\3.46\pic18-lt\cxx-framework\src\traditional\proc\p18f4550.asm
              PatternMode   0x000083       data     extern C:\Firmware\CartBike\CartBike.c
                     RCON   0x000fd0       data     extern E:\3.46\pic18-lt\cxx-framework\src\traditional\proc\p18f4550.asm
                 RCONbits   0x000fd0       data     extern E:\3.46\pic18-lt\cxx-framework\src\traditional\proc\p18f4550.asm
                    RCREG   0x000fae       data     extern E:\3.46\pic18-lt\cxx-framework\src\traditional\proc\p18f4550.asm
                    RCSTA   0x000fab       data     extern E:\3.46\pic18-lt\cxx-framework\src\traditional\proc\p18f4550.asm
                RCSTAbits   0x000fab       data     extern E:\3.46\pic18-lt\cxx-framework\src\traditional\proc\p18f4550.asm
                SFchannel   0x00006e       data     extern C:\Firmware\CartBike\CartBike.c
                     SIGN   0x000000       data     extern E:\3.46\pic18-lt\cxx-framework\src\traditional\math\cmath18.asm
                    SPBRG   0x000faf       data     extern E:\3.46\pic18-lt\cxx-framework\src\traditional\proc\p18f4550.asm
                   SPBRGH   0x000fb0       data     extern E:\3.46\pic18-lt\cxx-framework\src\traditional\proc\p18f4550.asm
                   SPPCFG   0x000f63       data     extern E:\3.46\pic18-lt\cxx-framework\src\traditional\proc\p18f4550.asm
               SPPCFGbits   0x000f63       data     extern E:\3.46\pic18-lt\cxx-framework\src\traditional\proc\p18f4550.asm
                   SPPCON   0x000f65       data     extern E:\3.46\pic18-lt\cxx-framework\src\traditional\proc\p18f4550.asm
               SPPCONbits   0x000f65       data     extern E:\3.46\pic18-lt\cxx-framework\src\traditional\proc\p18f4550.asm
                  SPPDATA   0x000f62       data     extern E:\3.46\pic18-lt\cxx-framework\src\traditional\proc\p18f4550.asm
                   SPPEPS   0x000f64       data     extern E:\3.46\pic18-lt\cxx-framework\src\traditional\proc\p18f4550.asm
               SPPEPSbits   0x000f64       data     extern E:\3.46\pic18-lt\cxx-framework\src\traditional\proc\p18f4550.asm
                   SSPADD   0x000fc8       data     extern E:\3.46\pic18-lt\cxx-framework\src\traditional\proc\p18f4550.asm
                   SSPBUF   0x000fc9       data     extern E:\3.46\pic18-lt\cxx-framework\src\traditional\proc\p18f4550.asm
                  SSPCON1   0x000fc6       data     extern E:\3.46\pic18-lt\cxx-framework\src\traditional\proc\p18f4550.asm
              SSPCON1bits   0x000fc6       data     extern E:\3.46\pic18-lt\cxx-framework\src\traditional\proc\p18f4550.asm
                  SSPCON2   0x000fc5       data     extern E:\3.46\pic18-lt\cxx-framework\src\traditional\proc\p18f4550.asm
              SSPCON2bits   0x000fc5       data     extern E:\3.46\pic18-lt\cxx-framework\src\traditional\proc\p18f4550.asm
                  SSPSTAT   0x000fc7       data     extern E:\3.46\pic18-lt\cxx-framework\src\traditional\proc\p18f4550.asm
              SSPSTATbits   0x000fc7       data     extern E:\3.46\pic18-lt\cxx-framework\src\traditional\proc\p18f4550.asm
                   STATUS   0x000fd8       data     extern E:\3.46\pic18-lt\cxx-framework\src\traditional\proc\p18f4550.asm
               STATUSbits   0x000fd8       data     extern E:\3.46\pic18-lt\cxx-framework\src\traditional\proc\p18f4550.asm
                   STKPTR   0x000ffc       data     extern E:\3.46\pic18-lt\cxx-framework\src\traditional\proc\p18f4550.asm
               STKPTRbits   0x000ffc       data     extern E:\3.46\pic18-lt\cxx-framework\src\traditional\proc\p18f4550.asm
              ScaleFactor   0x000084       data     extern C:\Firmware\CartBike\CartBike.c
             ScrollLength   0x000080       data     extern C:\Firmware\CartBike\CartBike.c
            ScrollMessage   0x0004a8       data     extern C:\Firmware\CartBike\CartBike.c
                 SetupPkt   0x000418       data     extern C:\Firmware\CartBike\system\usb\usbmmap.c
                    T0CON   0x000fd5       data     extern E:\3.46\pic18-lt\cxx-framework\src\traditional\proc\p18f4550.asm
                T0CONbits   0x000fd5       data     extern E:\3.46\pic18-lt\cxx-framework\src\traditional\proc\p18f4550.asm
                    T1CON   0x000fcd       data     extern E:\3.46\pic18-lt\cxx-framework\src\traditional\proc\p18f4550.asm
                T1CONbits   0x000fcd       data     extern E:\3.46\pic18-lt\cxx-framework\src\traditional\proc\p18f4550.asm
                    T2CON   0x000fca       data     extern E:\3.46\pic18-lt\cxx-framework\src\traditional\proc\p18f4550.asm
                T2CONbits   0x000fca       data     extern E:\3.46\pic18-lt\cxx-framework\src\traditional\proc\p18f4550.asm
                    T3CON   0x000fb1       data     extern E:\3.46\pic18-lt\cxx-framework\src\traditional\proc\p18f4550.asm
                T3CONbits   0x000fb1       data     extern E:\3.46\pic18-lt\cxx-framework\src\traditional\proc\p18f4550.asm
                   TABLAT   0x000ff5       data     extern E:\3.46\pic18-lt\cxx-framework\src\traditional\proc\p18f4550.asm
                   TBLPTR   0x000ff6       data     extern E:\3.46\pic18-lt\cxx-framework\src\traditional\proc\p18f4550.asm
                  TBLPTRH   0x000ff7       data     extern E:\3.46\pic18-lt\cxx-framework\src\traditional\proc\p18f4550.asm
                  TBLPTRL   0x000ff6       data     extern E:\3.46\pic18-lt\cxx-framework\src\traditional\proc\p18f4550.asm
                  TBLPTRU   0x000ff8       data     extern E:\3.46\pic18-lt\cxx-framework\src\traditional\proc\p18f4550.asm
                    TMR0H   0x000fd7       data     extern E:\3.46\pic18-lt\cxx-framework\src\traditional\proc\p18f4550.asm
                    TMR0L   0x000fd6       data     extern E:\3.46\pic18-lt\cxx-framework\src\traditional\proc\p18f4550.asm
                    TMR1H   0x000fcf       data     extern E:\3.46\pic18-lt\cxx-framework\src\traditional\proc\p18f4550.asm
                    TMR1L   0x000fce       data     extern E:\3.46\pic18-lt\cxx-framework\src\traditional\proc\p18f4550.asm
                     TMR2   0x000fcc       data     extern E:\3.46\pic18-lt\cxx-framework\src\traditional\proc\p18f4550.asm
                    TMR3H   0x000fb3       data     extern E:\3.46\pic18-lt\cxx-framework\src\traditional\proc\p18f4550.asm
                    TMR3L   0x000fb2       data     extern E:\3.46\pic18-lt\cxx-framework\src\traditional\proc\p18f4550.asm
                      TOS   0x000ffd       data     extern E:\3.46\pic18-lt\cxx-framework\src\traditional\proc\p18f4550.asm
                     TOSH   0x000ffe       data     extern E:\3.46\pic18-lt\cxx-framework\src\traditional\proc\p18f4550.asm
                     TOSL   0x000ffd       data     extern E:\3.46\pic18-lt\cxx-framework\src\traditional\proc\p18f4550.asm
                     TOSU   0x000fff       data     extern E:\3.46\pic18-lt\cxx-framework\src\traditional\proc\p18f4550.asm
                    TRISA   0x000f92       data     extern E:\3.46\pic18-lt\cxx-framework\src\traditional\proc\p18f4550.asm
                TRISAbits   0x000f92       data     extern E:\3.46\pic18-lt\cxx-framework\src\traditional\proc\p18f4550.asm
                    TRISB   0x000f93       data     extern E:\3.46\pic18-lt\cxx-framework\src\traditional\proc\p18f4550.asm
                TRISBbits   0x000f93       data     extern E:\3.46\pic18-lt\cxx-framework\src\traditional\proc\p18f4550.asm
                    TRISC   0x000f94       data     extern E:\3.46\pic18-lt\cxx-framework\src\traditional\proc\p18f4550.asm
                TRISCbits   0x000f94       data     extern E:\3.46\pic18-lt\cxx-framework\src\traditional\proc\p18f4550.asm
                    TRISD   0x000f95       data     extern E:\3.46\pic18-lt\cxx-framework\src\traditional\proc\p18f4550.asm
                TRISDbits   0x000f95       data     extern E:\3.46\pic18-lt\cxx-framework\src\traditional\proc\p18f4550.asm
                    TRISE   0x000f96       data     extern E:\3.46\pic18-lt\cxx-framework\src\traditional\proc\p18f4550.asm
                TRISEbits   0x000f96       data     extern E:\3.46\pic18-lt\cxx-framework\src\traditional\proc\p18f4550.asm
                    TXREG   0x000fad       data     extern E:\3.46\pic18-lt\cxx-framework\src\traditional\proc\p18f4550.asm
                    TXSTA   0x000fac       data     extern E:\3.46\pic18-lt\cxx-framework\src\traditional\proc\p18f4550.asm
                TXSTAbits   0x000fac       data     extern E:\3.46\pic18-lt\cxx-framework\src\traditional\proc\p18f4550.asm
                    UADDR   0x000f6e       data     extern E:\3.46\pic18-lt\cxx-framework\src\traditional\proc\p18f4550.asm
                UADDRbits   0x000f6e       data     extern E:\3.46\pic18-lt\cxx-framework\src\traditional\proc\p18f4550.asm
                     UCFG   0x000f6f       data     extern E:\3.46\pic18-lt\cxx-framework\src\traditional\proc\p18f4550.asm
                 UCFGbits   0x000f6f       data     extern E:\3.46\pic18-lt\cxx-framework\src\traditional\proc\p18f4550.asm
                     UCON   0x000f6d       data     extern E:\3.46\pic18-lt\cxx-framework\src\traditional\proc\p18f4550.asm
                 UCONbits   0x000f6d       data     extern E:\3.46\pic18-lt\cxx-framework\src\traditional\proc\p18f4550.asm
                     UEIE   0x000f6b       data     extern E:\3.46\pic18-lt\cxx-framework\src\traditional\proc\p18f4550.asm
                 UEIEbits   0x000f6b       data     extern E:\3.46\pic18-lt\cxx-framework\src\traditional\proc\p18f4550.asm
                     UEIR   0x000f6a       data     extern E:\3.46\pic18-lt\cxx-framework\src\traditional\proc\p18f4550.asm
                 UEIRbits   0x000f6a       data     extern E:\3.46\pic18-lt\cxx-framework\src\traditional\proc\p18f4550.asm
                     UEP0   0x000f70       data     extern E:\3.46\pic18-lt\cxx-framework\src\traditional\proc\p18f4550.asm
                 UEP0bits   0x000f70       data     extern E:\3.46\pic18-lt\cxx-framework\src\traditional\proc\p18f4550.asm
                     UEP1   0x000f71       data     extern E:\3.46\pic18-lt\cxx-framework\src\traditional\proc\p18f4550.asm
                    UEP10   0x000f7a       data     extern E:\3.46\pic18-lt\cxx-framework\src\traditional\proc\p18f4550.asm
                UEP10bits   0x000f7a       data     extern E:\3.46\pic18-lt\cxx-framework\src\traditional\proc\p18f4550.asm
                    UEP11   0x000f7b       data     extern E:\3.46\pic18-lt\cxx-framework\src\traditional\proc\p18f4550.asm
                UEP11bits   0x000f7b       data     extern E:\3.46\pic18-lt\cxx-framework\src\traditional\proc\p18f4550.asm
                    UEP12   0x000f7c       data     extern E:\3.46\pic18-lt\cxx-framework\src\traditional\proc\p18f4550.asm
                UEP12bits   0x000f7c       data     extern E:\3.46\pic18-lt\cxx-framework\src\traditional\proc\p18f4550.asm
                    UEP13   0x000f7d       data     extern E:\3.46\pic18-lt\cxx-framework\src\traditional\proc\p18f4550.asm
                UEP13bits   0x000f7d       data     extern E:\3.46\pic18-lt\cxx-framework\src\traditional\proc\p18f4550.asm
                    UEP14   0x000f7e       data     extern E:\3.46\pic18-lt\cxx-framework\src\traditional\proc\p18f4550.asm
                UEP14bits   0x000f7e       data     extern E:\3.46\pic18-lt\cxx-framework\src\traditional\proc\p18f4550.asm
                    UEP15   0x000f7f       data     extern E:\3.46\pic18-lt\cxx-framework\src\traditional\proc\p18f4550.asm
                UEP15bits   0x000f7f       data     extern E:\3.46\pic18-lt\cxx-framework\src\traditional\proc\p18f4550.asm
                 UEP1bits   0x000f71       data     extern E:\3.46\pic18-lt\cxx-framework\src\traditional\proc\p18f4550.asm
                     UEP2   0x000f72       data     extern E:\3.46\pic18-lt\cxx-framework\src\traditional\proc\p18f4550.asm
                 UEP2bits   0x000f72       data     extern E:\3.46\pic18-lt\cxx-framework\src\traditional\proc\p18f4550.asm
                     UEP3   0x000f73       data     extern E:\3.46\pic18-lt\cxx-framework\src\traditional\proc\p18f4550.asm
                 UEP3bits   0x000f73       data     extern E:\3.46\pic18-lt\cxx-framework\src\traditional\proc\p18f4550.asm
                     UEP4   0x000f74       data     extern E:\3.46\pic18-lt\cxx-framework\src\traditional\proc\p18f4550.asm
                 UEP4bits   0x000f74       data     extern E:\3.46\pic18-lt\cxx-framework\src\traditional\proc\p18f4550.asm
                     UEP5   0x000f75       data     extern E:\3.46\pic18-lt\cxx-framework\src\traditional\proc\p18f4550.asm
                 UEP5bits   0x000f75       data     extern E:\3.46\pic18-lt\cxx-framework\src\traditional\proc\p18f4550.asm
                     UEP6   0x000f76       data     extern E:\3.46\pic18-lt\cxx-framework\src\traditional\proc\p18f4550.asm
                 UEP6bits   0x000f76       data     extern E:\3.46\pic18-lt\cxx-framework\src\traditional\proc\p18f4550.asm
                     UEP7   0x000f77       data     extern E:\3.46\pic18-lt\cxx-framework\src\traditional\proc\p18f4550.asm
                 UEP7bits   0x000f77       data     extern E:\3.46\pic18-lt\cxx-framework\src\traditional\proc\p18f4550.asm
                     UEP8   0x000f78       data     extern E:\3.46\pic18-lt\cxx-framework\src\traditional\proc\p18f4550.asm
                 UEP8bits   0x000f78       data     extern E:\3.46\pic18-lt\cxx-framework\src\traditional\proc\p18f4550.asm
                     UEP9   0x000f79       data     extern E:\3.46\pic18-lt\cxx-framework\src\traditional\proc\p18f4550.asm
                 UEP9bits   0x000f79       data     extern E:\3.46\pic18-lt\cxx-framework\src\traditional\proc\p18f4550.asm
                     UFRM   0x000f66       data     extern E:\3.46\pic18-lt\cxx-framework\src\traditional\proc\p18f4550.asm
                    UFRMH   0x000f67       data     extern E:\3.46\pic18-lt\cxx-framework\src\traditional\proc\p18f4550.asm
                UFRMHbits   0x000f67       data     extern E:\3.46\pic18-lt\cxx-framework\src\traditional\proc\p18f4550.asm
                    UFRML   0x000f66       data     extern E:\3.46\pic18-lt\cxx-framework\src\traditional\proc\p18f4550.asm
                UFRMLbits   0x000f66       data     extern E:\3.46\pic18-lt\cxx-framework\src\traditional\proc\p18f4550.asm
                      UIE   0x000f69       data     extern E:\3.46\pic18-lt\cxx-framework\src\traditional\proc\p18f4550.asm
                  UIEbits   0x000f69       data     extern E:\3.46\pic18-lt\cxx-framework\src\traditional\proc\p18f4550.asm
                      UIR   0x000f68       data     extern E:\3.46\pic18-lt\cxx-framework\src\traditional\proc\p18f4550.asm
                  UIRbits   0x000f68       data     extern E:\3.46\pic18-lt\cxx-framework\src\traditional\proc\p18f4550.asm
                    USTAT   0x000f6c       data     extern E:\3.46\pic18-lt\cxx-framework\src\traditional\proc\p18f4550.asm
                USTATbits   0x000f6c       data     extern E:\3.46\pic18-lt\cxx-framework\src\traditional\proc\p18f4550.asm
                   WDTCON   0x000fd1       data     extern E:\3.46\pic18-lt\cxx-framework\src\traditional\proc\p18f4550.asm
               WDTCONbits   0x000fd1       data     extern E:\3.46\pic18-lt\cxx-framework\src\traditional\proc\p18f4550.asm
                     WREG   0x000fe8       data     extern E:\3.46\pic18-lt\cxx-framework\src\traditional\proc\p18f4550.asm
                 __AARGB0   0x000009       data     extern E:\3.46\pic18-lt\cxx-framework\src\traditional\math\aarg.asm
                 __AARGB1   0x000008       data     extern E:\3.46\pic18-lt\cxx-framework\src\traditional\math\aarg.asm
                 __AARGB2   0x000007       data     extern E:\3.46\pic18-lt\cxx-framework\src\traditional\math\aarg.asm
                 __AARGB3   0x000006       data     extern E:\3.46\pic18-lt\cxx-framework\src\traditional\math\aarg.asm
                 __AARGB4   0x000005       data     extern E:\3.46\pic18-lt\cxx-framework\src\traditional\math\aarg.asm
                 __AARGB5   0x000004       data     extern E:\3.46\pic18-lt\cxx-framework\src\traditional\math\aarg.asm
                 __AARGB6   0x000003       data     extern E:\3.46\pic18-lt\cxx-framework\src\traditional\math\aarg.asm
                 __AARGB7   0x000002       data     extern E:\3.46\pic18-lt\cxx-framework\src\traditional\math\aarg.asm
                   __AEXP   0x00000a       data     extern E:\3.46\pic18-lt\cxx-framework\src\traditional\math\aarg.asm
                 __BARGB0   0x00000e       data     extern E:\3.46\pic18-lt\cxx-framework\src\traditional\math\barg.asm
                 __BARGB1   0x00000d       data     extern E:\3.46\pic18-lt\cxx-framework\src\traditional\math\barg.asm
                 __BARGB2   0x00000c       data     extern E:\3.46\pic18-lt\cxx-framework\src\traditional\math\barg.asm
                 __BARGB3   0x00000b       data     extern E:\3.46\pic18-lt\cxx-framework\src\traditional\math\barg.asm
                   __BEXP   0x00000f       data     extern E:\3.46\pic18-lt\cxx-framework\src\traditional\math\barg.asm
                __FPFLAGS   0x000001       data     extern E:\3.46\pic18-lt\cxx-framework\src\traditional\math\cmath18.asm
            __FPFLAGSbits   0x000001       data     extern E:\3.46\pic18-lt\cxx-framework\src\traditional\math\cmath18.asm
                  __REMB0   0x000005       data     extern E:\3.46\pic18-lt\cxx-framework\src\traditional\math\aarg.asm
                  __REMB1   0x000004       data     extern E:\3.46\pic18-lt\cxx-framework\src\traditional\math\aarg.asm
                  __REMB2   0x000003       data     extern E:\3.46\pic18-lt\cxx-framework\src\traditional\math\aarg.asm
                  __REMB3   0x000002       data     extern E:\3.46\pic18-lt\cxx-framework\src\traditional\math\aarg.asm
                   __TEMP   0x000013       data     extern E:\3.46\pic18-lt\cxx-framework\src\traditional\math\temparg.asm
                 __TEMPB0   0x000013       data     extern E:\3.46\pic18-lt\cxx-framework\src\traditional\math\temparg.asm
                 __TEMPB1   0x000012       data     extern E:\3.46\pic18-lt\cxx-framework\src\traditional\math\temparg.asm
                 __TEMPB2   0x000011       data     extern E:\3.46\pic18-lt\cxx-framework\src\traditional\math\temparg.asm
                 __TEMPB3   0x000010       data     extern E:\3.46\pic18-lt\cxx-framework\src\traditional\math\temparg.asm
                  __tmp_0   0x000014       data     static E:\3.46\pic18-lt\cxx-framework\src\pmc_common\ADC\adcsetch.c
                  __tmp_0   0x000014       data     static E:\3.46\pic18-lt\cxx-framework\src\pmc_common\ADC\adcread.c
                  __tmp_0   0x000014       data     static E:\3.46\pic18-lt\cxx-framework\src\pmc_common\ADC\adcopen.c
                  __tmp_0   0x000014       data     static E:\3.46\pic18-lt\cxx-framework\src\traditional\stdclib\sqrt.c
                  __tmp_0   0x000014       data     static E:\3.46\pic18-lt\cxx-framework\src\traditional\stdclib\PackMath.c
                  __tmp_0   0x000014       data     static E:\3.46\pic18-lt\cxx-framework\src\traditional\stdclib\UnpkMath.c
                  __tmp_0   0x000014       data     static E:\3.46\pic18-lt\cxx-framework\src\traditional\stdclib\ldexp.c
                  __tmp_0   0x000014       data     static C:\Firmware\CartBike\CartBike.c
                  __tmp_0   0x000014       data     static C:\Firmware\CartBike\system\usb\class\generic\usbgen.c
                  __tmp_0   0x000014       data     static C:\Firmware\CartBike\system\usb\usb9\usb9.c
                  __tmp_0   0x000014       data     static C:\Firmware\CartBike\user\user.c
                  __tmp_0   0x000014       data     static C:\Firmware\CartBike\main.c
                  channel   0x000060       data     extern C:\Firmware\CartBike\CartBike.c
                    count   0x0000b2       data     extern C:\Firmware\CartBike\user\user.c
   ctrl_trf_session_owner   0x0000ab       data     extern C:\Firmware\CartBike\system\usb\usbctrltrf\usbctrltrf.c
           ctrl_trf_state   0x0000aa       data     extern C:\Firmware\CartBike\system\usb\usbctrltrf\usbctrltrf.c
                curr_byte   0x0000a3       data     static E:\3.46\pic18-lt\cxx-framework\src\traditional\startup\c018i.c
               curr_entry   0x0000a5       data     static E:\3.46\pic18-lt\cxx-framework\src\traditional\startup\c018i.c
                 data_ptr   0x0000a7       data     static E:\3.46\pic18-lt\cxx-framework\src\traditional\startup\c018i.c
              delay_count   0x0000bf       data     static C:\Firmware\CartBike\system\usb\usbdrv\usbdrv.c
            encoder_count   0x0000bb       data     extern C:\Firmware\CartBike\main.c
                    ep0Bi   0x000404       data     extern C:\Firmware\CartBike\system\usb\usbmmap.c
                    ep0Bo   0x000400       data     extern C:\Firmware\CartBike\system\usb\usbmmap.c
                    ep1Bi   0x00040c       data     extern C:\Firmware\CartBike\system\usb\usbmmap.c
                    ep1Bo   0x000408       data     extern C:\Firmware\CartBike\system\usb\usbmmap.c
                    ep2Bi   0x000414       data     extern C:\Firmware\CartBike\system\usb\usbmmap.c
                    ep2Bo   0x000410       data     extern C:\Firmware\CartBike\system\usb\usbmmap.c
                    errno   0x0000c1       data     extern E:\3.46\pic18-lt\cxx-framework\src\traditional\stdclib\errno.c
                   icount   0x0000be       data     extern C:\Firmware\CartBike\main.c
                longcount   0x000081       data     static C:\Firmware\CartBike\CartBike.c
                longcount   0x00007e       data     static C:\Firmware\CartBike\CartBike.c
                   mybits   0x0000bd       data     extern C:\Firmware\CartBike\main.c
                     pDst   0x0000ae       data     extern C:\Firmware\CartBike\system\usb\usbctrltrf\usbctrltrf.c
                     pSrc   0x0000ac       data     extern C:\Firmware\CartBike\system\usb\usbctrltrf\usbctrltrf.c
                 position   0x00007f       data     extern C:\Firmware\CartBike\CartBike.c
                     prom   0x0000a0       data     static E:\3.46\pic18-lt\cxx-framework\src\traditional\startup\c018i.c
               shiftcount   0x000082       data     static C:\Firmware\CartBike\CartBike.c
             stringlength   0x0000b6       data     static C:\Firmware\CartBike\user\user.c
           usb_active_cfg   0x0000b9       data     extern C:\Firmware\CartBike\system\usb\usbmmap.c
             usb_alt_intf   0x0000ba       data     extern C:\Firmware\CartBike\system\usb\usbmmap.c
         usb_device_state   0x0000b7       data     extern C:\Firmware\CartBike\system\usb\usbmmap.c
                 usb_stat   0x0000b8       data     extern C:\Firmware\CartBike\system\usb\usbmmap.c
                usbgen_in   0x000468       data     extern C:\Firmware\CartBike\system\usb\usbmmap.c
               usbgen_out   0x000428       data     extern C:\Firmware\CartBike\system\usb\usbmmap.c
            usbgen_rx_len   0x0000c3       data     extern C:\Firmware\CartBike\system\usb\class\generic\usbgen.c
                   wCount   0x0000b0       data     extern C:\Firmware\CartBike\system\usb\usbctrltrf\usbctrltrf.c



                              Symbols - Sorted by Address
                     Name    Address   Location    Storage File                     
                ---------  ---------  ---------  --------- ---------                
                   _entry   0x000000    program     extern E:\3.46\pic18-lt\cxx-framework\src\traditional\startup\c018i.c
       ___return_lbl00000   0x000004    program     static                          
                   __init   0x000006    program     extern E:\3.46\pic18-lt\cxx-framework\src\traditional\stdclib\__init.c
      InterruptVectorHigh   0x000008    program     extern C:\Firmware\CartBike\main.c
       ___return_lbl00000   0x00000c    program     static                          
                  BusyADC   0x00000e    program     extern E:\3.46\pic18-lt\cxx-framework\src\pmc_common\ADC\adcbusy.c
       InterruptVectorLow   0x000018    program     extern C:\Firmware\CartBike\main.c
       ___return_lbl00001   0x00001c    program     static                          
           SetPatternMode   0x00002c    program     extern C:\Firmware\CartBike\CartBike.c
           loadADCchannel   0x000042    program     extern C:\Firmware\CartBike\CartBike.c
                  SafeSub   0x000086    program     extern C:\Firmware\CartBike\CartBike.c
               LoadVolume   0x000116    program     extern C:\Firmware\CartBike\CartBike.c
               SetChannel   0x000558    program     extern C:\Firmware\CartBike\CartBike.c
                  giveHSB   0x00057e    program     extern C:\Firmware\CartBike\CartBike.c
                  giveRGB   0x0006a6    program     extern C:\Firmware\CartBike\CartBike.c
          SetScrollLength   0x000714    program     extern C:\Firmware\CartBike\CartBike.c
       ClearScrollMessage   0x00073e    program     extern C:\Firmware\CartBike\CartBike.c
                   SetBit   0x0007aa    program     extern C:\Firmware\CartBike\CartBike.c
      GetAlphaPixelLength   0x000848    program     extern C:\Firmware\CartBike\CartBike.c
                printchar   0x00086c    program     extern C:\Firmware\CartBike\CartBike.c
[...]
                     DDRC   0x000f94       data     extern E:\3.46\pic18-lt\cxx-framework\src\traditional\proc\p18f4550.asm
                TRISCbits   0x000f94       data     extern E:\3.46\pic18-lt\cxx-framework\src\traditional\proc\p18f4550.asm
                    TRISC   0x000f94       data     extern E:\3.46\pic18-lt\cxx-framework\src\traditional\proc\p18f4550.asm
                     DDRD   0x000f95       data     extern E:\3.46\pic18-lt\cxx-framework\src\traditional\proc\p18f4550.asm
                 DDRDbits   0x000f95       data     extern E:\3.46\pic18-lt\cxx-framework\src\traditional\proc\p18f4550.asm
                TRISDbits   0x000f95       data     extern E:\3.46\pic18-lt\cxx-framework\src\traditional\proc\p18f4550.asm
                    TRISD   0x000f95       data     extern E:\3.46\pic18-lt\cxx-framework\src\traditional\proc\p18f4550.asm
                    TRISE   0x000f96       data     extern E:\3.46\pic18-lt\cxx-framework\src\traditional\proc\p18f4550.asm
                TRISEbits   0x000f96       data     extern E:\3.46\pic18-lt\cxx-framework\src\traditional\proc\p18f4550.asm
                 DDREbits   0x000f96       data     extern E:\3.46\pic18-lt\cxx-framework\src\traditional\proc\p18f4550.asm
                     DDRE   0x000f96       data     extern E:\3.46\pic18-lt\cxx-framework\src\traditional\proc\p18f4550.asm
              OSCTUNEbits   0x000f9b       data     extern E:\3.46\pic18-lt\cxx-framework\src\traditional\proc\p18f4550.asm
                  OSCTUNE   0x000f9b       data     extern E:\3.46\pic18-lt\cxx-framework\src\traditional\proc\p18f4550.asm
                 PIE1bits   0x000f9d       data     extern E:\3.46\pic18-lt\cxx-framework\src\traditional\proc\p18f4550.asm
                     PIE1   0x000f9d       data     extern E:\3.46\pic18-lt\cxx-framework\src\traditional\proc\p18f4550.asm
                 PIR1bits   0x000f9e       data     extern E:\3.46\pic18-lt\cxx-framework\src\traditional\proc\p18f4550.asm
                     PIR1   0x000f9e       data     extern E:\3.46\pic18-lt\cxx-framework\src\traditional\proc\p18f4550.asm
                 IPR1bits   0x000f9f       data     extern E:\3.46\pic18-lt\cxx-framework\src\traditional\proc\p18f4550.asm
                     IPR1   0x000f9f       data     extern E:\3.46\pic18-lt\cxx-framework\src\traditional\proc\p18f4550.asm
                     PIE2   0x000fa0       data     extern E:\3.46\pic18-lt\cxx-framework\src\traditional\proc\p18f4550.asm
                 PIE2bits   0x000fa0       data     extern E:\3.46\pic18-lt\cxx-framework\src\traditional\proc\p18f4550.asm
                     PIR2   0x000fa1       data     extern E:\3.46\pic18-lt\cxx-framework\src\traditional\proc\p18f4550.asm
                 PIR2bits   0x000fa1       data     extern E:\3.46\pic18-lt\cxx-framework\src\traditional\proc\p18f4550.asm
                     IPR2   0x000fa2       data     extern E:\3.46\pic18-lt\cxx-framework\src\traditional\proc\p18f4550.asm
                 IPR2bits   0x000fa2       data     extern E:\3.46\pic18-lt\cxx-framework\src\traditional\proc\p18f4550.asm
                   EECON1   0x000fa6       data     extern E:\3.46\pic18-lt\cxx-framework\src\traditional\proc\p18f4550.asm
               EECON1bits   0x000fa6       data     extern E:\3.46\pic18-lt\cxx-framework\src\traditional\proc\p18f4550.asm
                   EECON2   0x000fa7       data     extern E:\3.46\pic18-lt\cxx-framework\src\traditional\proc\p18f4550.asm
                   EEDATA   0x000fa8       data     extern E:\3.46\pic18-lt\cxx-framework\src\traditional\proc\p18f4550.asm
                    EEADR   0x000fa9       data     extern E:\3.46\pic18-lt\cxx-framework\src\traditional\proc\p18f4550.asm
                RCSTAbits   0x000fab       data     extern E:\3.46\pic18-lt\cxx-framework\src\traditional\proc\p18f4550.asm
                    RCSTA   0x000fab       data     extern E:\3.46\pic18-lt\cxx-framework\src\traditional\proc\p18f4550.asm
                    TXSTA   0x000fac       data     extern E:\3.46\pic18-lt\cxx-framework\src\traditional\proc\p18f4550.asm
                TXSTAbits   0x000fac       data     extern E:\3.46\pic18-lt\cxx-framework\src\traditional\proc\p18f4550.asm
                    TXREG   0x000fad       data     extern E:\3.46\pic18-lt\cxx-framework\src\traditional\proc\p18f4550.asm
                    RCREG   0x000fae       data     extern E:\3.46\pic18-lt\cxx-framework\src\traditional\proc\p18f4550.asm
                    SPBRG   0x000faf       data     extern E:\3.46\pic18-lt\cxx-framework\src\traditional\proc\p18f4550.asm
                   SPBRGH   0x000fb0       data     extern E:\3.46\pic18-lt\cxx-framework\src\traditional\proc\p18f4550.asm
                    T3CON   0x000fb1       data     extern E:\3.46\pic18-lt\cxx-framework\src\traditional\proc\p18f4550.asm
                T3CONbits   0x000fb1       data     extern E:\3.46\pic18-lt\cxx-framework\src\traditional\proc\p18f4550.asm
                    TMR3L   0x000fb2       data     extern E:\3.46\pic18-lt\cxx-framework\src\traditional\proc\p18f4550.asm
                    TMR3H   0x000fb3       data     extern E:\3.46\pic18-lt\cxx-framework\src\traditional\proc\p18f4550.asm
                    CMCON   0x000fb4       data     extern E:\3.46\pic18-lt\cxx-framework\src\traditional\proc\p18f4550.asm
                CMCONbits   0x000fb4       data     extern E:\3.46\pic18-lt\cxx-framework\src\traditional\proc\p18f4550.asm
               CVRCONbits   0x000fb5       data     extern E:\3.46\pic18-lt\cxx-framework\src\traditional\proc\p18f4550.asm
                   CVRCON   0x000fb5       data     extern E:\3.46\pic18-lt\cxx-framework\src\traditional\proc\p18f4550.asm
                   CCP1AS   0x000fb6       data     extern E:\3.46\pic18-lt\cxx-framework\src\traditional\proc\p18f4550.asm
              ECCP1ASbits   0x000fb6       data     extern E:\3.46\pic18-lt\cxx-framework\src\traditional\proc\p18f4550.asm
                  ECCP1AS   0x000fb6       data     extern E:\3.46\pic18-lt\cxx-framework\src\traditional\proc\p18f4550.asm
               CCP1ASbits   0x000fb6       data     extern E:\3.46\pic18-lt\cxx-framework\src\traditional\proc\p18f4550.asm
             ECCP1DELbits   0x000fb7       data     extern E:\3.46\pic18-lt\cxx-framework\src\traditional\proc\p18f4550.asm
              CCP1DELbits   0x000fb7       data     extern E:\3.46\pic18-lt\cxx-framework\src\traditional\proc\p18f4550.asm
                  CCP1DEL   0x000fb7       data     extern E:\3.46\pic18-lt\cxx-framework\src\traditional\proc\p18f4550.asm
                 ECCP1DEL   0x000fb7       data     extern E:\3.46\pic18-lt\cxx-framework\src\traditional\proc\p18f4550.asm
              BAUDCTLbits   0x000fb8       data     extern E:\3.46\pic18-lt\cxx-framework\src\traditional\proc\p18f4550.asm
                  BAUDCON   0x000fb8       data     extern E:\3.46\pic18-lt\cxx-framework\src\traditional\proc\p18f4550.asm
              BAUDCONbits   0x000fb8       data     extern E:\3.46\pic18-lt\cxx-framework\src\traditional\proc\p18f4550.asm
                  BAUDCTL   0x000fb8       data     extern E:\3.46\pic18-lt\cxx-framework\src\traditional\proc\p18f4550.asm
              CCP2CONbits   0x000fba       data     extern E:\3.46\pic18-lt\cxx-framework\src\traditional\proc\p18f4550.asm
                  CCP2CON   0x000fba       data     extern E:\3.46\pic18-lt\cxx-framework\src\traditional\proc\p18f4550.asm
                   CCPR2L   0x000fbb       data     extern E:\3.46\pic18-lt\cxx-framework\src\traditional\proc\p18f4550.asm
                    CCPR2   0x000fbb       data     extern E:\3.46\pic18-lt\cxx-framework\src\traditional\proc\p18f4550.asm
                   CCPR2H   0x000fbc       data     extern E:\3.46\pic18-lt\cxx-framework\src\traditional\proc\p18f4550.asm
             ECCP1CONbits   0x000fbd       data     extern E:\3.46\pic18-lt\cxx-framework\src\traditional\proc\p18f4550.asm
              CCP1CONbits   0x000fbd       data     extern E:\3.46\pic18-lt\cxx-framework\src\traditional\proc\p18f4550.asm
                  CCP1CON   0x000fbd       data     extern E:\3.46\pic18-lt\cxx-framework\src\traditional\proc\p18f4550.asm
                 ECCP1CON   0x000fbd       data     extern E:\3.46\pic18-lt\cxx-framework\src\traditional\proc\p18f4550.asm
                   CCPR1L   0x000fbe       data     extern E:\3.46\pic18-lt\cxx-framework\src\traditional\proc\p18f4550.asm
                    CCPR1   0x000fbe       data     extern E:\3.46\pic18-lt\cxx-framework\src\traditional\proc\p18f4550.asm
                   CCPR1H   0x000fbf       data     extern E:\3.46\pic18-lt\cxx-framework\src\traditional\proc\p18f4550.asm
               ADCON2bits   0x000fc0       data     extern E:\3.46\pic18-lt\cxx-framework\src\traditional\proc\p18f4550.asm
                   ADCON2   0x000fc0       data     extern E:\3.46\pic18-lt\cxx-framework\src\traditional\proc\p18f4550.asm
               ADCON1bits   0x000fc1       data     extern E:\3.46\pic18-lt\cxx-framework\src\traditional\proc\p18f4550.asm
                   ADCON1   0x000fc1       data     extern E:\3.46\pic18-lt\cxx-framework\src\traditional\proc\p18f4550.asm
               ADCON0bits   0x000fc2       data     extern E:\3.46\pic18-lt\cxx-framework\src\traditional\proc\p18f4550.asm
                   ADCON0   0x000fc2       data     extern E:\3.46\pic18-lt\cxx-framework\src\traditional\proc\p18f4550.asm
                   ADRESL   0x000fc3       data     extern E:\3.46\pic18-lt\cxx-framework\src\traditional\proc\p18f4550.asm
                    ADRES   0x000fc3       data     extern E:\3.46\pic18-lt\cxx-framework\src\traditional\proc\p18f4550.asm
                   ADRESH   0x000fc4       data     extern E:\3.46\pic18-lt\cxx-framework\src\traditional\proc\p18f4550.asm
                  SSPCON2   0x000fc5       data     extern E:\3.46\pic18-lt\cxx-framework\src\traditional\proc\p18f4550.asm
              SSPCON2bits   0x000fc5       data     extern E:\3.46\pic18-lt\cxx-framework\src\traditional\proc\p18f4550.asm
                  SSPCON1   0x000fc6       data     extern E:\3.46\pic18-lt\cxx-framework\src\traditional\proc\p18f4550.asm
              SSPCON1bits   0x000fc6       data     extern E:\3.46\pic18-lt\cxx-framework\src\traditional\proc\p18f4550.asm
                  SSPSTAT   0x000fc7       data     extern E:\3.46\pic18-lt\cxx-framework\src\traditional\proc\p18f4550.asm
              SSPSTATbits   0x000fc7       data     extern E:\3.46\pic18-lt\cxx-framework\src\traditional\proc\p18f4550.asm
                   SSPADD   0x000fc8       data     extern E:\3.46\pic18-lt\cxx-framework\src\traditional\proc\p18f4550.asm
                   SSPBUF   0x000fc9       data     extern E:\3.46\pic18-lt\cxx-framework\src\traditional\proc\p18f4550.asm
                T2CONbits   0x000fca       data     extern E:\3.46\pic18-lt\cxx-framework\src\traditional\proc\p18f4550.asm
                    T2CON   0x000fca       data     extern E:\3.46\pic18-lt\cxx-framework\src\traditional\proc\p18f4550.asm
                      PR2   0x000fcb       data     extern E:\3.46\pic18-lt\cxx-framework\src\traditional\proc\p18f4550.asm
                     TMR2   0x000fcc       data     extern E:\3.46\pic18-lt\cxx-framework\src\traditional\proc\p18f4550.asm
                T1CONbits   0x000fcd       data     extern E:\3.46\pic18-lt\cxx-framework\src\traditional\proc\p18f4550.asm
                    T1CON   0x000fcd       data     extern E:\3.46\pic18-lt\cxx-framework\src\traditional\proc\p18f4550.asm
                    TMR1L   0x000fce       data     extern E:\3.46\pic18-lt\cxx-framework\src\traditional\proc\p18f4550.asm
                    TMR1H   0x000fcf       data     extern E:\3.46\pic18-lt\cxx-framework\src\traditional\proc\p18f4550.asm
                     RCON   0x000fd0       data     extern E:\3.46\pic18-lt\cxx-framework\src\traditional\proc\p18f4550.asm
                 RCONbits   0x000fd0       data     extern E:\3.46\pic18-lt\cxx-framework\src\traditional\proc\p18f4550.asm
               WDTCONbits   0x000fd1       data     extern E:\3.46\pic18-lt\cxx-framework\src\traditional\proc\p18f4550.asm
                   WDTCON   0x000fd1       data     extern E:\3.46\pic18-lt\cxx-framework\src\traditional\proc\p18f4550.asm
              HLVDCONbits   0x000fd2       data     extern E:\3.46\pic18-lt\cxx-framework\src\traditional\proc\p18f4550.asm
                   LVDCON   0x000fd2       data     extern E:\3.46\pic18-lt\cxx-framework\src\traditional\proc\p18f4550.asm
                  HLVDCON   0x000fd2       data     extern E:\3.46\pic18-lt\cxx-framework\src\traditional\proc\p18f4550.asm
               LVDCONbits   0x000fd2       data     extern E:\3.46\pic18-lt\cxx-framework\src\traditional\proc\p18f4550.asm
                   OSCCON   0x000fd3       data     extern E:\3.46\pic18-lt\cxx-framework\src\traditional\proc\p18f4550.asm
               OSCCONbits   0x000fd3       data     extern E:\3.46\pic18-lt\cxx-framework\src\traditional\proc\p18f4550.asm
                T0CONbits   0x000fd5       data     extern E:\3.46\pic18-lt\cxx-framework\src\traditional\proc\p18f4550.asm
                    T0CON   0x000fd5       data     extern E:\3.46\pic18-lt\cxx-framework\src\traditional\proc\p18f4550.asm
                    TMR0L   0x000fd6       data     extern E:\3.46\pic18-lt\cxx-framework\src\traditional\proc\p18f4550.asm
                    TMR0H   0x000fd7       data     extern E:\3.46\pic18-lt\cxx-framework\src\traditional\proc\p18f4550.asm
               STATUSbits   0x000fd8       data     extern E:\3.46\pic18-lt\cxx-framework\src\traditional\proc\p18f4550.asm
                   STATUS   0x000fd8       data     extern E:\3.46\pic18-lt\cxx-framework\src\traditional\proc\p18f4550.asm
                     FSR2   0x000fd9       data     extern E:\3.46\pic18-lt\cxx-framework\src\traditional\proc\p18f4550.asm
                    FSR2L   0x000fd9       data     extern E:\3.46\pic18-lt\cxx-framework\src\traditional\proc\p18f4550.asm
                    FSR2H   0x000fda       data     extern E:\3.46\pic18-lt\cxx-framework\src\traditional\proc\p18f4550.asm
                   PLUSW2   0x000fdb       data     extern E:\3.46\pic18-lt\cxx-framework\src\traditional\proc\p18f4550.asm
                  PREINC2   0x000fdc       data     extern E:\3.46\pic18-lt\cxx-framework\src\traditional\proc\p18f4550.asm
                 POSTDEC2   0x000fdd       data     extern E:\3.46\pic18-lt\cxx-framework\src\traditional\proc\p18f4550.asm
                 POSTINC2   0x000fde       data     extern E:\3.46\pic18-lt\cxx-framework\src\traditional\proc\p18f4550.asm
                    INDF2   0x000fdf       data     extern E:\3.46\pic18-lt\cxx-framework\src\traditional\proc\p18f4550.asm
                      BSR   0x000fe0       data     extern E:\3.46\pic18-lt\cxx-framework\src\traditional\proc\p18f4550.asm
                    FSR1L   0x000fe1       data     extern E:\3.46\pic18-lt\cxx-framework\src\traditional\proc\p18f4550.asm
                     FSR1   0x000fe1       data     extern E:\3.46\pic18-lt\cxx-framework\src\traditional\proc\p18f4550.asm
                    FSR1H   0x000fe2       data     extern E:\3.46\pic18-lt\cxx-framework\src\traditional\proc\p18f4550.asm
                   PLUSW1   0x000fe3       data     extern E:\3.46\pic18-lt\cxx-framework\src\traditional\proc\p18f4550.asm
                  PREINC1   0x000fe4       data     extern E:\3.46\pic18-lt\cxx-framework\src\traditional\proc\p18f4550.asm
                 POSTDEC1   0x000fe5       data     extern E:\3.46\pic18-lt\cxx-framework\src\traditional\proc\p18f4550.asm
                 POSTINC1   0x000fe6       data     extern E:\3.46\pic18-lt\cxx-framework\src\traditional\proc\p18f4550.asm
                    INDF1   0x000fe7       data     extern E:\3.46\pic18-lt\cxx-framework\src\traditional\proc\p18f4550.asm
                     WREG   0x000fe8       data     extern E:\3.46\pic18-lt\cxx-framework\src\traditional\proc\p18f4550.asm
                    FSR0L   0x000fe9       data     extern E:\3.46\pic18-lt\cxx-framework\src\traditional\proc\p18f4550.asm
                     FSR0   0x000fe9       data     extern E:\3.46\pic18-lt\cxx-framework\src\traditional\proc\p18f4550.asm
                    FSR0H   0x000fea       data     extern E:\3.46\pic18-lt\cxx-framework\src\traditional\proc\p18f4550.asm
                   PLUSW0   0x000feb       data     extern E:\3.46\pic18-lt\cxx-framework\src\traditional\proc\p18f4550.asm
                  PREINC0   0x000fec       data     extern E:\3.46\pic18-lt\cxx-framework\src\traditional\proc\p18f4550.asm
                 POSTDEC0   0x000fed       data     extern E:\3.46\pic18-lt\cxx-framework\src\traditional\proc\p18f4550.asm
                 POSTINC0   0x000fee       data     extern E:\3.46\pic18-lt\cxx-framework\src\traditional\proc\p18f4550.asm
                    INDF0   0x000fef       data     extern E:\3.46\pic18-lt\cxx-framework\src\traditional\proc\p18f4550.asm
                  INTCON3   0x000ff0       data     extern E:\3.46\pic18-lt\cxx-framework\src\traditional\proc\p18f4550.asm
              INTCON3bits   0x000ff0       data     extern E:\3.46\pic18-lt\cxx-framework\src\traditional\proc\p18f4550.asm
              INTCON2bits   0x000ff1       data     extern E:\3.46\pic18-lt\cxx-framework\src\traditional\proc\p18f4550.asm
                  INTCON2   0x000ff1       data     extern E:\3.46\pic18-lt\cxx-framework\src\traditional\proc\p18f4550.asm
               INTCONbits   0x000ff2       data     extern E:\3.46\pic18-lt\cxx-framework\src\traditional\proc\p18f4550.asm
                   INTCON   0x000ff2       data     extern E:\3.46\pic18-lt\cxx-framework\src\traditional\proc\p18f4550.asm
                     PROD   0x000ff3       data     extern E:\3.46\pic18-lt\cxx-framework\src\traditional\proc\p18f4550.asm
                    PRODL   0x000ff3       data     extern E:\3.46\pic18-lt\cxx-framework\src\traditional\proc\p18f4550.asm
                    PRODH   0x000ff4       data     extern E:\3.46\pic18-lt\cxx-framework\src\traditional\proc\p18f4550.asm
                   TABLAT   0x000ff5       data     extern E:\3.46\pic18-lt\cxx-framework\src\traditional\proc\p18f4550.asm
                   TBLPTR   0x000ff6       data     extern E:\3.46\pic18-lt\cxx-framework\src\traditional\proc\p18f4550.asm
                  TBLPTRL   0x000ff6       data     extern E:\3.46\pic18-lt\cxx-framework\src\traditional\proc\p18f4550.asm
                  TBLPTRH   0x000ff7       data     extern E:\3.46\pic18-lt\cxx-framework\src\traditional\proc\p18f4550.asm
                  TBLPTRU   0x000ff8       data     extern E:\3.46\pic18-lt\cxx-framework\src\traditional\proc\p18f4550.asm
                       PC   0x000ff9       data     extern E:\3.46\pic18-lt\cxx-framework\src\traditional\proc\p18f4550.asm
                      PCL   0x000ff9       data     extern E:\3.46\pic18-lt\cxx-framework\src\traditional\proc\p18f4550.asm
                   PCLATH   0x000ffa       data     extern E:\3.46\pic18-lt\cxx-framework\src\traditional\proc\p18f4550.asm
                   PCLATU   0x000ffb       data     extern E:\3.46\pic18-lt\cxx-framework\src\traditional\proc\p18f4550.asm
               STKPTRbits   0x000ffc       data     extern E:\3.46\pic18-lt\cxx-framework\src\traditional\proc\p18f4550.asm
                   STKPTR   0x000ffc       data     extern E:\3.46\pic18-lt\cxx-framework\src\traditional\proc\p18f4550.asm
                      TOS   0x000ffd       data     extern E:\3.46\pic18-lt\cxx-framework\src\traditional\proc\p18f4550.asm
                     TOSL   0x000ffd       data     extern E:\3.46\pic18-lt\cxx-framework\src\traditional\proc\p18f4550.asm
                     TOSH   0x000ffe       data     extern E:\3.46\pic18-lt\cxx-framework\src\traditional\proc\p18f4550.asm
                     TOSU   0x000fff       data     extern E:\3.46\pic18-lt\cxx-framework\src\traditional\proc\p18f4550.asm


